[1.645s] Invoking command in '/home/epiibots/ros2_ws/src/pwm_rec': DEBUGINFOD_URLS=https://debuginfod.ubuntu.com PYTHONPATH=/home/epiibots/ros2_ws/build/pwm_rec/prefix_override:/usr/lib/python3/dist-packages/colcon_core/task/python/colcon_distutils_commands:/home/epiibots/ros2_ws/install/pwm_rec/lib/python3.12/site-packages:${PYTHONPATH} /usr/bin/python3 -W ignore:setup.py install is deprecated -W ignore:easy_install command is deprecated setup.py egg_info --egg-base ../../build/pwm_rec build --build-base /home/epiibots/ros2_ws/build/pwm_rec/build install --record /home/epiibots/ros2_ws/build/pwm_rec/install.log --single-version-externally-managed install_data
[2.148s] running egg_info
[2.191s] writing ../../build/pwm_rec/pwm_rec.egg-info/PKG-INFO
[2.192s] writing dependency_links to ../../build/pwm_rec/pwm_rec.egg-info/dependency_links.txt
[2.197s] writing entry points to ../../build/pwm_rec/pwm_rec.egg-info/entry_points.txt
[2.199s] writing requirements to ../../build/pwm_rec/pwm_rec.egg-info/requires.txt
[2.199s] writing top-level names to ../../build/pwm_rec/pwm_rec.egg-info/top_level.txt
[2.271s] reading manifest file '../../build/pwm_rec/pwm_rec.egg-info/SOURCES.txt'
[2.271s] adding license file 'LICENSE'
[2.272s] writing manifest file '../../build/pwm_rec/pwm_rec.egg-info/SOURCES.txt'
[2.272s] running build
[2.272s] running build_py
[2.272s] running install
[2.283s] running install_lib
[2.322s] running install_data
[2.322s] running install_egg_info
[2.375s] removing '/home/epiibots/ros2_ws/install/pwm_rec/lib/python3.12/site-packages/pwm_rec-0.0.0-py3.12.egg-info' (and everything under it)
[2.375s] Copying ../../build/pwm_rec/pwm_rec.egg-info to /home/epiibots/ros2_ws/install/pwm_rec/lib/python3.12/site-packages/pwm_rec-0.0.0-py3.12.egg-info
[2.379s] running install_scripts
[2.617s] Installing rpm_saver script to /home/epiibots/ros2_ws/install/pwm_rec/lib/pwm_rec
[2.617s] writing list of installed files to '/home/epiibots/ros2_ws/build/pwm_rec/install.log'
[2.737s] Invoked command in '/home/epiibots/ros2_ws/src/pwm_rec' returned '0': DEBUGINFOD_URLS=https://debuginfod.ubuntu.com PYTHONPATH=/home/epiibots/ros2_ws/build/pwm_rec/prefix_override:/usr/lib/python3/dist-packages/colcon_core/task/python/colcon_distutils_commands:/home/epiibots/ros2_ws/install/pwm_rec/lib/python3.12/site-packages:${PYTHONPATH} /usr/bin/python3 -W ignore:setup.py install is deprecated -W ignore:easy_install command is deprecated setup.py egg_info --egg-base ../../build/pwm_rec build --build-base /home/epiibots/ros2_ws/build/pwm_rec/build install --record /home/epiibots/ros2_ws/build/pwm_rec/install.log --single-version-externally-managed install_data
