[1.899s] Invoking command in '/home/epiibots/ros2_ws/src/servo_steering': DEBUGINFOD_URLS=https://debuginfod.ubuntu.com PYTHONPATH=/home/epiibots/ros2_ws/build/servo_steering/prefix_override:/usr/lib/python3/dist-packages/colcon_core/task/python/colcon_distutils_commands:/home/epiibots/ros2_ws/install/servo_steering/lib/python3.12/site-packages:${PYTHONPATH} /usr/bin/python3 -W ignore:setup.py install is deprecated -W ignore:easy_install command is deprecated setup.py egg_info --egg-base ../../build/servo_steering build --build-base /home/epiibots/ros2_ws/build/servo_steering/build install --record /home/epiibots/ros2_ws/build/servo_steering/install.log --single-version-externally-managed install_data
[2.456s] running egg_info
[2.517s] writing ../../build/servo_steering/servo_steering.egg-info/PKG-INFO
[2.518s] writing dependency_links to ../../build/servo_steering/servo_steering.egg-info/dependency_links.txt
[2.522s] writing entry points to ../../build/servo_steering/servo_steering.egg-info/entry_points.txt
[2.522s] writing requirements to ../../build/servo_steering/servo_steering.egg-info/requires.txt
[2.523s] writing top-level names to ../../build/servo_steering/servo_steering.egg-info/top_level.txt
[2.582s] reading manifest file '../../build/servo_steering/servo_steering.egg-info/SOURCES.txt'
[2.583s] writing manifest file '../../build/servo_steering/servo_steering.egg-info/SOURCES.txt'
[2.584s] running build
[2.584s] running build_py
[2.585s] copying servo_steering/motor_node.py -> /home/epiibots/ros2_ws/build/servo_steering/build/lib/servo_steering
[2.585s] running install
[2.595s] running install_lib
[2.622s] copying /home/epiibots/ros2_ws/build/servo_steering/build/lib/servo_steering/motor_node.py -> /home/epiibots/ros2_ws/install/servo_steering/lib/python3.12/site-packages/servo_steering
[2.623s] byte-compiling /home/epiibots/ros2_ws/install/servo_steering/lib/python3.12/site-packages/servo_steering/motor_node.py to motor_node.cpython-312.pyc
[2.625s] running install_data
[2.625s] running install_egg_info
[2.664s] removing '/home/epiibots/ros2_ws/install/servo_steering/lib/python3.12/site-packages/servo_steering-0.1.0-py3.12.egg-info' (and everything under it)
[2.665s] Copying ../../build/servo_steering/servo_steering.egg-info to /home/epiibots/ros2_ws/install/servo_steering/lib/python3.12/site-packages/servo_steering-0.1.0-py3.12.egg-info
[2.669s] running install_scripts
[3.018s] Installing motor_node script to /home/epiibots/ros2_ws/install/servo_steering/lib/servo_steering
[3.018s] Installing motor_node_pwm script to /home/epiibots/ros2_ws/install/servo_steering/lib/servo_steering
[3.021s] Installing servo_node script to /home/epiibots/ros2_ws/install/servo_steering/lib/servo_steering
[3.022s] Installing teleop_kei script to /home/epiibots/ros2_ws/install/servo_steering/lib/servo_steering
[3.023s] Installing teleop_key script to /home/epiibots/ros2_ws/install/servo_steering/lib/servo_steering
[3.026s] writing list of installed files to '/home/epiibots/ros2_ws/build/servo_steering/install.log'
[3.130s] Invoked command in '/home/epiibots/ros2_ws/src/servo_steering' returned '0': DEBUGINFOD_URLS=https://debuginfod.ubuntu.com PYTHONPATH=/home/epiibots/ros2_ws/build/servo_steering/prefix_override:/usr/lib/python3/dist-packages/colcon_core/task/python/colcon_distutils_commands:/home/epiibots/ros2_ws/install/servo_steering/lib/python3.12/site-packages:${PYTHONPATH} /usr/bin/python3 -W ignore:setup.py install is deprecated -W ignore:easy_install command is deprecated setup.py egg_info --egg-base ../../build/servo_steering build --build-base /home/epiibots/ros2_ws/build/servo_steering/build install --record /home/epiibots/ros2_ws/build/servo_steering/install.log --single-version-externally-managed install_data
