[4.342s] Invoking command in '/home/epiibots/ros2_ws/src/servo_steering': DEBUGINFOD_URLS=https://debuginfod.ubuntu.com PYTHONPATH=/home/epiibots/ros2_ws/build/servo_steering/prefix_override:/usr/lib/python3/dist-packages/colcon_core/task/python/colcon_distutils_commands:/home/epiibots/ros2_ws/install/servo_steering/lib/python3.12/site-packages:${PYTHONPATH} /usr/bin/python3 -W ignore:setup.py install is deprecated -W ignore:easy_install command is deprecated setup.py egg_info --egg-base ../../build/servo_steering build --build-base /home/epiibots/ros2_ws/build/servo_steering/build install --record /home/epiibots/ros2_ws/build/servo_steering/install.log --single-version-externally-managed install_data
[5.469s] running egg_info
[5.514s] writing ../../build/servo_steering/servo_steering.egg-info/PKG-INFO
[5.514s] writing dependency_links to ../../build/servo_steering/servo_steering.egg-info/dependency_links.txt
[5.514s] writing entry points to ../../build/servo_steering/servo_steering.egg-info/entry_points.txt
[5.515s] writing requirements to ../../build/servo_steering/servo_steering.egg-info/requires.txt
[5.515s] writing top-level names to ../../build/servo_steering/servo_steering.egg-info/top_level.txt
[5.631s] reading manifest file '../../build/servo_steering/servo_steering.egg-info/SOURCES.txt'
[5.634s] writing manifest file '../../build/servo_steering/servo_steering.egg-info/SOURCES.txt'
[5.634s] running build
[5.634s] running build_py
[5.636s] copying servo_steering/motor_node.py -> /home/epiibots/ros2_ws/build/servo_steering/build/lib/servo_steering
[5.636s] copying servo_steering/motor_noder.py -> /home/epiibots/ros2_ws/build/servo_steering/build/lib/servo_steering
[5.636s] copying servo_steering/teleop_kei.py -> /home/epiibots/ros2_ws/build/servo_steering/build/lib/servo_steering
[5.637s] running install
[5.648s] running install_lib
[5.677s] copying /home/epiibots/ros2_ws/build/servo_steering/build/lib/servo_steering/motor_node.py -> /home/epiibots/ros2_ws/install/servo_steering/lib/python3.12/site-packages/servo_steering
[5.678s] copying /home/epiibots/ros2_ws/build/servo_steering/build/lib/servo_steering/motor_noder.py -> /home/epiibots/ros2_ws/install/servo_steering/lib/python3.12/site-packages/servo_steering
[5.678s] copying /home/epiibots/ros2_ws/build/servo_steering/build/lib/servo_steering/teleop_kei.py -> /home/epiibots/ros2_ws/install/servo_steering/lib/python3.12/site-packages/servo_steering
[5.679s] byte-compiling /home/epiibots/ros2_ws/install/servo_steering/lib/python3.12/site-packages/servo_steering/motor_node.py to motor_node.cpython-312.pyc
[5.682s] byte-compiling /home/epiibots/ros2_ws/install/servo_steering/lib/python3.12/site-packages/servo_steering/motor_noder.py to motor_noder.cpython-312.pyc
[5.685s] byte-compiling /home/epiibots/ros2_ws/install/servo_steering/lib/python3.12/site-packages/servo_steering/teleop_kei.py to teleop_kei.cpython-312.pyc
[5.691s] running install_data
[5.691s] running install_egg_info
[5.737s] removing '/home/epiibots/ros2_ws/install/servo_steering/lib/python3.12/site-packages/servo_steering-0.1.0-py3.12.egg-info' (and everything under it)
[5.738s] Copying ../../build/servo_steering/servo_steering.egg-info to /home/epiibots/ros2_ws/install/servo_steering/lib/python3.12/site-packages/servo_steering-0.1.0-py3.12.egg-info
[5.738s] running install_scripts
[6.083s] Installing motor_node script to /home/epiibots/ros2_ws/install/servo_steering/lib/servo_steering
[6.084s] Installing motor_node_pwm script to /home/epiibots/ros2_ws/install/servo_steering/lib/servo_steering
[6.084s] Installing servo_node script to /home/epiibots/ros2_ws/install/servo_steering/lib/servo_steering
[6.087s] Installing teleop_kei script to /home/epiibots/ros2_ws/install/servo_steering/lib/servo_steering
[6.088s] Installing teleop_key script to /home/epiibots/ros2_ws/install/servo_steering/lib/servo_steering
[6.095s] writing list of installed files to '/home/epiibots/ros2_ws/build/servo_steering/install.log'
[6.270s] Invoked command in '/home/epiibots/ros2_ws/src/servo_steering' returned '0': DEBUGINFOD_URLS=https://debuginfod.ubuntu.com PYTHONPATH=/home/epiibots/ros2_ws/build/servo_steering/prefix_override:/usr/lib/python3/dist-packages/colcon_core/task/python/colcon_distutils_commands:/home/epiibots/ros2_ws/install/servo_steering/lib/python3.12/site-packages:${PYTHONPATH} /usr/bin/python3 -W ignore:setup.py install is deprecated -W ignore:easy_install command is deprecated setup.py egg_info --egg-base ../../build/servo_steering build --build-base /home/epiibots/ros2_ws/build/servo_steering/build install --record /home/epiibots/ros2_ws/build/servo_steering/install.log --single-version-externally-managed install_data
