[1.802s] Invoking command in '/home/epiibots/ros2_ws/src/detector': DEBUGINFOD_URLS=https://debuginfod.ubuntu.com PYTHONPATH=/home/epiibots/ros2_ws/build/detector/prefix_override:/usr/lib/python3/dist-packages/colcon_core/task/python/colcon_distutils_commands:/home/epiibots/ros2_ws/install/detector/lib/python3.12/site-packages:${PYTHONPATH} /usr/bin/python3 -W ignore:setup.py install is deprecated -W ignore:easy_install command is deprecated setup.py egg_info --egg-base ../../build/detector build --build-base /home/epiibots/ros2_ws/build/detector/build install --record /home/epiibots/ros2_ws/build/detector/install.log --single-version-externally-managed install_data
[2.552s] running egg_info
[2.612s] writing ../../build/detector/detector.egg-info/PKG-INFO
[2.613s] writing dependency_links to ../../build/detector/detector.egg-info/dependency_links.txt
[2.613s] writing entry points to ../../build/detector/detector.egg-info/entry_points.txt
[2.613s] writing requirements to ../../build/detector/detector.egg-info/requires.txt
[2.613s] writing top-level names to ../../build/detector/detector.egg-info/top_level.txt
[2.883s] reading manifest file '../../build/detector/detector.egg-info/SOURCES.txt'
[2.893s] adding license file 'LICENSE'
[2.894s] writing manifest file '../../build/detector/detector.egg-info/SOURCES.txt'
[2.894s] running build
[2.898s] running build_py
[2.898s] running install
[2.919s] running install_lib
[3.037s] running install_data
[3.038s] running install_egg_info
[3.201s] removing '/home/epiibots/ros2_ws/install/detector/lib/python3.12/site-packages/detector-0.0.0-py3.12.egg-info' (and everything under it)
[3.206s] Copying ../../build/detector/detector.egg-info to /home/epiibots/ros2_ws/install/detector/lib/python3.12/site-packages/detector-0.0.0-py3.12.egg-info
[3.219s] running install_scripts
[3.603s] Installing apriltags script to /home/epiibots/ros2_ws/install/detector/lib/detector
[3.606s] writing list of installed files to '/home/epiibots/ros2_ws/build/detector/install.log'
[4.866s] Invoked command in '/home/epiibots/ros2_ws/src/detector' returned '0': DEBUGINFOD_URLS=https://debuginfod.ubuntu.com PYTHONPATH=/home/epiibots/ros2_ws/build/detector/prefix_override:/usr/lib/python3/dist-packages/colcon_core/task/python/colcon_distutils_commands:/home/epiibots/ros2_ws/install/detector/lib/python3.12/site-packages:${PYTHONPATH} /usr/bin/python3 -W ignore:setup.py install is deprecated -W ignore:easy_install command is deprecated setup.py egg_info --egg-base ../../build/detector build --build-base /home/epiibots/ros2_ws/build/detector/build install --record /home/epiibots/ros2_ws/build/detector/install.log --single-version-externally-managed install_data
