[3.716s] Invoking command in '/home/epiibots/ros2_ws/src/servo_steering': DEBUGINFOD_URLS=https://debuginfod.ubuntu.com PYTHONPATH=/home/epiibots/ros2_ws/build/servo_steering/prefix_override:/usr/lib/python3/dist-packages/colcon_core/task/python/colcon_distutils_commands:/home/epiibots/ros2_ws/install/servo_steering/lib/python3.12/site-packages:${PYTHONPATH} /usr/bin/python3 -W ignore:setup.py install is deprecated -W ignore:easy_install command is deprecated setup.py egg_info --egg-base ../../build/servo_steering build --build-base /home/epiibots/ros2_ws/build/servo_steering/build install --record /home/epiibots/ros2_ws/build/servo_steering/install.log --single-version-externally-managed install_data
[4.474s] running egg_info
[4.509s] writing ../../build/servo_steering/servo_steering.egg-info/PKG-INFO
[4.509s] writing dependency_links to ../../build/servo_steering/servo_steering.egg-info/dependency_links.txt
[4.515s] writing entry points to ../../build/servo_steering/servo_steering.egg-info/entry_points.txt
[4.515s] writing requirements to ../../build/servo_steering/servo_steering.egg-info/requires.txt
[4.516s] writing top-level names to ../../build/servo_steering/servo_steering.egg-info/top_level.txt
[4.842s] reading manifest file '../../build/servo_steering/servo_steering.egg-info/SOURCES.txt'
[4.847s] writing manifest file '../../build/servo_steering/servo_steering.egg-info/SOURCES.txt'
[4.847s] running build
[4.847s] running build_py
[4.847s] running install
[4.869s] running install_lib
[4.955s] running install_data
[4.955s] running install_egg_info
[5.045s] removing '/home/epiibots/ros2_ws/install/servo_steering/lib/python3.12/site-packages/servo_steering-0.1.0-py3.12.egg-info' (and everything under it)
[5.045s] Copying ../../build/servo_steering/servo_steering.egg-info to /home/epiibots/ros2_ws/install/servo_steering/lib/python3.12/site-packages/servo_steering-0.1.0-py3.12.egg-info
[5.050s] running install_scripts
[6.045s] Installing motor_node script to /home/epiibots/ros2_ws/install/servo_steering/lib/servo_steering
[6.047s] Installing motor_node_pwm script to /home/epiibots/ros2_ws/install/servo_steering/lib/servo_steering
[6.051s] Installing servo_node script to /home/epiibots/ros2_ws/install/servo_steering/lib/servo_steering
[6.052s] Installing teleop_kei script to /home/epiibots/ros2_ws/install/servo_steering/lib/servo_steering
[6.059s] Installing teleop_key script to /home/epiibots/ros2_ws/install/servo_steering/lib/servo_steering
[6.067s] writing list of installed files to '/home/epiibots/ros2_ws/build/servo_steering/install.log'
[6.461s] Invoked command in '/home/epiibots/ros2_ws/src/servo_steering' returned '0': DEBUGINFOD_URLS=https://debuginfod.ubuntu.com PYTHONPATH=/home/epiibots/ros2_ws/build/servo_steering/prefix_override:/usr/lib/python3/dist-packages/colcon_core/task/python/colcon_distutils_commands:/home/epiibots/ros2_ws/install/servo_steering/lib/python3.12/site-packages:${PYTHONPATH} /usr/bin/python3 -W ignore:setup.py install is deprecated -W ignore:easy_install command is deprecated setup.py egg_info --egg-base ../../build/servo_steering build --build-base /home/epiibots/ros2_ws/build/servo_steering/build install --record /home/epiibots/ros2_ws/build/servo_steering/install.log --single-version-externally-managed install_data
