running egg_info
creating ../../build/calibration/calibration.egg-info
writing ../../build/calibration/calibration.egg-info/PKG-INFO
writing dependency_links to ../../build/calibration/calibration.egg-info/dependency_links.txt
writing entry points to ../../build/calibration/calibration.egg-info/entry_points.txt
writing requirements to ../../build/calibration/calibration.egg-info/requires.txt
writing top-level names to ../../build/calibration/calibration.egg-info/top_level.txt
writing manifest file '../../build/calibration/calibration.egg-info/SOURCES.txt'
reading manifest file '../../build/calibration/calibration.egg-info/SOURCES.txt'
adding license file 'LICENSE'
writing manifest file '../../build/calibration/calibration.egg-info/SOURCES.txt'
running build
running build_py
creating /home/epiibots/ros2_ws/build/calibration/build
creating /home/epiibots/ros2_ws/build/calibration/build/lib
creating /home/epiibots/ros2_ws/build/calibration/build/lib/calibration
copying calibration/imu_save.py -> /home/epiibots/ros2_ws/build/calibration/build/lib/calibration
copying calibration/__init__.py -> /home/epiibots/ros2_ws/build/calibration/build/lib/calibration
running install
running install_lib
creating /home/epiibots/ros2_ws/install/calibration/lib/python3.12/site-packages/calibration
copying /home/epiibots/ros2_ws/build/calibration/build/lib/calibration/imu_save.py -> /home/epiibots/ros2_ws/install/calibration/lib/python3.12/site-packages/calibration
copying /home/epiibots/ros2_ws/build/calibration/build/lib/calibration/__init__.py -> /home/epiibots/ros2_ws/install/calibration/lib/python3.12/site-packages/calibration
byte-compiling /home/epiibots/ros2_ws/install/calibration/lib/python3.12/site-packages/calibration/imu_save.py to imu_save.cpython-312.pyc
byte-compiling /home/epiibots/ros2_ws/install/calibration/lib/python3.12/site-packages/calibration/__init__.py to __init__.cpython-312.pyc
running install_data
creating /home/epiibots/ros2_ws/install/calibration/share/ament_index
creating /home/epiibots/ros2_ws/install/calibration/share/ament_index/resource_index
creating /home/epiibots/ros2_ws/install/calibration/share/ament_index/resource_index/packages
copying resource/calibration -> /home/epiibots/ros2_ws/install/calibration/share/ament_index/resource_index/packages
copying package.xml -> /home/epiibots/ros2_ws/install/calibration/share/calibration
running install_egg_info
Copying ../../build/calibration/calibration.egg-info to /home/epiibots/ros2_ws/install/calibration/lib/python3.12/site-packages/calibration-0.0.0-py3.12.egg-info
running install_scripts
Installing imu_save script to /home/epiibots/ros2_ws/install/calibration/lib/calibration
writing list of installed files to '/home/epiibots/ros2_ws/build/calibration/install.log'
