[2.846s] Invoking command in '/home/epiibots/ros2_ws/src/calibration': DEBUGINFOD_URLS=https://debuginfod.ubuntu.com PYTHONPATH=/home/epiibots/ros2_ws/build/calibration/prefix_override:/usr/lib/python3/dist-packages/colcon_core/task/python/colcon_distutils_commands:/home/epiibots/ros2_ws/install/calibration/lib/python3.12/site-packages:${PYTHONPATH} /usr/bin/python3 -W ignore:setup.py install is deprecated -W ignore:easy_install command is deprecated setup.py egg_info --egg-base ../../build/calibration build --build-base /home/epiibots/ros2_ws/build/calibration/build install --record /home/epiibots/ros2_ws/build/calibration/install.log --single-version-externally-managed install_data
[3.372s] running egg_info
[3.372s] creating ../../build/calibration/calibration.egg-info
[3.399s] writing ../../build/calibration/calibration.egg-info/PKG-INFO
[3.399s] writing dependency_links to ../../build/calibration/calibration.egg-info/dependency_links.txt
[3.400s] writing entry points to ../../build/calibration/calibration.egg-info/entry_points.txt
[3.400s] writing requirements to ../../build/calibration/calibration.egg-info/requires.txt
[3.400s] writing top-level names to ../../build/calibration/calibration.egg-info/top_level.txt
[3.401s] writing manifest file '../../build/calibration/calibration.egg-info/SOURCES.txt'
[3.457s] reading manifest file '../../build/calibration/calibration.egg-info/SOURCES.txt'
[3.458s] adding license file 'LICENSE'
[3.459s] writing manifest file '../../build/calibration/calibration.egg-info/SOURCES.txt'
[3.459s] running build
[3.459s] running build_py
[3.462s] creating /home/epiibots/ros2_ws/build/calibration/build
[3.462s] creating /home/epiibots/ros2_ws/build/calibration/build/lib
[3.462s] creating /home/epiibots/ros2_ws/build/calibration/build/lib/calibration
[3.462s] copying calibration/imu_save.py -> /home/epiibots/ros2_ws/build/calibration/build/lib/calibration
[3.462s] copying calibration/__init__.py -> /home/epiibots/ros2_ws/build/calibration/build/lib/calibration
[3.463s] running install
[3.471s] running install_lib
[3.497s] creating /home/epiibots/ros2_ws/install/calibration/lib/python3.12/site-packages/calibration
[3.497s] copying /home/epiibots/ros2_ws/build/calibration/build/lib/calibration/imu_save.py -> /home/epiibots/ros2_ws/install/calibration/lib/python3.12/site-packages/calibration
[3.499s] copying /home/epiibots/ros2_ws/build/calibration/build/lib/calibration/__init__.py -> /home/epiibots/ros2_ws/install/calibration/lib/python3.12/site-packages/calibration
[3.500s] byte-compiling /home/epiibots/ros2_ws/install/calibration/lib/python3.12/site-packages/calibration/imu_save.py to imu_save.cpython-312.pyc
[3.503s] byte-compiling /home/epiibots/ros2_ws/install/calibration/lib/python3.12/site-packages/calibration/__init__.py to __init__.cpython-312.pyc
[3.503s] running install_data
[3.503s] creating /home/epiibots/ros2_ws/install/calibration/share/ament_index
[3.504s] creating /home/epiibots/ros2_ws/install/calibration/share/ament_index/resource_index
[3.504s] creating /home/epiibots/ros2_ws/install/calibration/share/ament_index/resource_index/packages
[3.504s] copying resource/calibration -> /home/epiibots/ros2_ws/install/calibration/share/ament_index/resource_index/packages
[3.504s] copying package.xml -> /home/epiibots/ros2_ws/install/calibration/share/calibration
[3.504s] running install_egg_info
[3.533s] Copying ../../build/calibration/calibration.egg-info to /home/epiibots/ros2_ws/install/calibration/lib/python3.12/site-packages/calibration-0.0.0-py3.12.egg-info
[3.537s] running install_scripts
[3.906s] Installing imu_save script to /home/epiibots/ros2_ws/install/calibration/lib/calibration
[3.907s] writing list of installed files to '/home/epiibots/ros2_ws/build/calibration/install.log'
[4.239s] Invoked command in '/home/epiibots/ros2_ws/src/calibration' returned '0': DEBUGINFOD_URLS=https://debuginfod.ubuntu.com PYTHONPATH=/home/epiibots/ros2_ws/build/calibration/prefix_override:/usr/lib/python3/dist-packages/colcon_core/task/python/colcon_distutils_commands:/home/epiibots/ros2_ws/install/calibration/lib/python3.12/site-packages:${PYTHONPATH} /usr/bin/python3 -W ignore:setup.py install is deprecated -W ignore:easy_install command is deprecated setup.py egg_info --egg-base ../../build/calibration build --build-base /home/epiibots/ros2_ws/build/calibration/build install --record /home/epiibots/ros2_ws/build/calibration/install.log --single-version-externally-managed install_data
