[1.721s] Invoking command in '/home/epiibots/ros2_ws/src/servo_steering': DEBUGINFOD_URLS=https://debuginfod.ubuntu.com PYTHONPATH=/home/epiibots/ros2_ws/build/servo_steering/prefix_override:/usr/lib/python3/dist-packages/colcon_core/task/python/colcon_distutils_commands:/home/epiibots/ros2_ws/install/servo_steering/lib/python3.12/site-packages:${PYTHONPATH} /usr/bin/python3 -W ignore:setup.py install is deprecated -W ignore:easy_install command is deprecated setup.py egg_info --egg-base ../../build/servo_steering build --build-base /home/epiibots/ros2_ws/build/servo_steering/build install --record /home/epiibots/ros2_ws/build/servo_steering/install.log --single-version-externally-managed install_data
[2.087s] running egg_info
[2.088s] creating ../../build/servo_steering/servo_steering.egg-info
[2.112s] writing ../../build/servo_steering/servo_steering.egg-info/PKG-INFO
[2.112s] writing dependency_links to ../../build/servo_steering/servo_steering.egg-info/dependency_links.txt
[2.112s] writing entry points to ../../build/servo_steering/servo_steering.egg-info/entry_points.txt
[2.113s] writing requirements to ../../build/servo_steering/servo_steering.egg-info/requires.txt
[2.113s] writing top-level names to ../../build/servo_steering/servo_steering.egg-info/top_level.txt
[2.113s] writing manifest file '../../build/servo_steering/servo_steering.egg-info/SOURCES.txt'
[2.163s] reading manifest file '../../build/servo_steering/servo_steering.egg-info/SOURCES.txt'
[2.164s] writing manifest file '../../build/servo_steering/servo_steering.egg-info/SOURCES.txt'
[2.164s] running build
[2.164s] running build_py
[2.165s] creating /home/epiibots/ros2_ws/build/servo_steering/build
[2.165s] creating /home/epiibots/ros2_ws/build/servo_steering/build/lib
[2.165s] creating /home/epiibots/ros2_ws/build/servo_steering/build/lib/servo_steering
[2.165s] copying servo_steering/pwm_velocity_logger.py -> /home/epiibots/ros2_ws/build/servo_steering/build/lib/servo_steering
[2.165s] copying servo_steering/teleop_key.py -> /home/epiibots/ros2_ws/build/servo_steering/build/lib/servo_steering
[2.165s] copying servo_steering/motor_node.py -> /home/epiibots/ros2_ws/build/servo_steering/build/lib/servo_steering
[2.165s] copying servo_steering/motor_noder.py -> /home/epiibots/ros2_ws/build/servo_steering/build/lib/servo_steering
[2.165s] copying servo_steering/__init__.py -> /home/epiibots/ros2_ws/build/servo_steering/build/lib/servo_steering
[2.165s] copying servo_steering/pwm_velocity_plot.py -> /home/epiibots/ros2_ws/build/servo_steering/build/lib/servo_steering
[2.165s] copying servo_steering/teleop_kei.py -> /home/epiibots/ros2_ws/build/servo_steering/build/lib/servo_steering
[2.166s] copying servo_steering/servo_node.py -> /home/epiibots/ros2_ws/build/servo_steering/build/lib/servo_steering
[2.166s] running install
[2.175s] running install_lib
[2.200s] creating /home/epiibots/ros2_ws/install/servo_steering/lib/python3.12/site-packages/servo_steering
[2.201s] copying /home/epiibots/ros2_ws/build/servo_steering/build/lib/servo_steering/pwm_velocity_logger.py -> /home/epiibots/ros2_ws/install/servo_steering/lib/python3.12/site-packages/servo_steering
[2.201s] copying /home/epiibots/ros2_ws/build/servo_steering/build/lib/servo_steering/teleop_key.py -> /home/epiibots/ros2_ws/install/servo_steering/lib/python3.12/site-packages/servo_steering
[2.201s] copying /home/epiibots/ros2_ws/build/servo_steering/build/lib/servo_steering/motor_node.py -> /home/epiibots/ros2_ws/install/servo_steering/lib/python3.12/site-packages/servo_steering
[2.201s] copying /home/epiibots/ros2_ws/build/servo_steering/build/lib/servo_steering/motor_noder.py -> /home/epiibots/ros2_ws/install/servo_steering/lib/python3.12/site-packages/servo_steering
[2.201s] copying /home/epiibots/ros2_ws/build/servo_steering/build/lib/servo_steering/__init__.py -> /home/epiibots/ros2_ws/install/servo_steering/lib/python3.12/site-packages/servo_steering
[2.201s] copying /home/epiibots/ros2_ws/build/servo_steering/build/lib/servo_steering/pwm_velocity_plot.py -> /home/epiibots/ros2_ws/install/servo_steering/lib/python3.12/site-packages/servo_steering
[2.202s] copying /home/epiibots/ros2_ws/build/servo_steering/build/lib/servo_steering/teleop_kei.py -> /home/epiibots/ros2_ws/install/servo_steering/lib/python3.12/site-packages/servo_steering
[2.202s] copying /home/epiibots/ros2_ws/build/servo_steering/build/lib/servo_steering/servo_node.py -> /home/epiibots/ros2_ws/install/servo_steering/lib/python3.12/site-packages/servo_steering
[2.203s] byte-compiling /home/epiibots/ros2_ws/install/servo_steering/lib/python3.12/site-packages/servo_steering/pwm_velocity_logger.py to pwm_velocity_logger.cpython-312.pyc
[2.204s] byte-compiling /home/epiibots/ros2_ws/install/servo_steering/lib/python3.12/site-packages/servo_steering/teleop_key.py to teleop_key.cpython-312.pyc
[2.205s] byte-compiling /home/epiibots/ros2_ws/install/servo_steering/lib/python3.12/site-packages/servo_steering/motor_node.py to motor_node.cpython-312.pyc
[2.207s] byte-compiling /home/epiibots/ros2_ws/install/servo_steering/lib/python3.12/site-packages/servo_steering/motor_noder.py to motor_noder.cpython-312.pyc
[2.208s] byte-compiling /home/epiibots/ros2_ws/install/servo_steering/lib/python3.12/site-packages/servo_steering/__init__.py to __init__.cpython-312.pyc
[2.208s] byte-compiling /home/epiibots/ros2_ws/install/servo_steering/lib/python3.12/site-packages/servo_steering/pwm_velocity_plot.py to pwm_velocity_plot.cpython-312.pyc
[2.211s] byte-compiling /home/epiibots/ros2_ws/install/servo_steering/lib/python3.12/site-packages/servo_steering/teleop_kei.py to teleop_kei.cpython-312.pyc
[2.212s] byte-compiling /home/epiibots/ros2_ws/install/servo_steering/lib/python3.12/site-packages/servo_steering/servo_node.py to servo_node.cpython-312.pyc
[2.213s] running install_data
[2.213s] creating /home/epiibots/ros2_ws/install/servo_steering/share/ament_index
[2.214s] creating /home/epiibots/ros2_ws/install/servo_steering/share/ament_index/resource_index
[2.214s] creating /home/epiibots/ros2_ws/install/servo_steering/share/ament_index/resource_index/packages
[2.214s] copying resource/servo_steering -> /home/epiibots/ros2_ws/install/servo_steering/share/ament_index/resource_index/packages
[2.214s] copying package.xml -> /home/epiibots/ros2_ws/install/servo_steering/share/servo_steering
[2.214s] running install_egg_info
[2.242s] Copying ../../build/servo_steering/servo_steering.egg-info to /home/epiibots/ros2_ws/install/servo_steering/lib/python3.12/site-packages/servo_steering-0.1.0-py3.12.egg-info
[2.243s] running install_scripts
[2.416s] Installing motor_node script to /home/epiibots/ros2_ws/install/servo_steering/lib/servo_steering
[2.416s] Installing motor_node_pwm script to /home/epiibots/ros2_ws/install/servo_steering/lib/servo_steering
[2.416s] Installing servo_node script to /home/epiibots/ros2_ws/install/servo_steering/lib/servo_steering
[2.416s] Installing teleop_kei script to /home/epiibots/ros2_ws/install/servo_steering/lib/servo_steering
[2.416s] Installing teleop_key script to /home/epiibots/ros2_ws/install/servo_steering/lib/servo_steering
[2.417s] writing list of installed files to '/home/epiibots/ros2_ws/build/servo_steering/install.log'
[2.501s] Invoked command in '/home/epiibots/ros2_ws/src/servo_steering' returned '0': DEBUGINFOD_URLS=https://debuginfod.ubuntu.com PYTHONPATH=/home/epiibots/ros2_ws/build/servo_steering/prefix_override:/usr/lib/python3/dist-packages/colcon_core/task/python/colcon_distutils_commands:/home/epiibots/ros2_ws/install/servo_steering/lib/python3.12/site-packages:${PYTHONPATH} /usr/bin/python3 -W ignore:setup.py install is deprecated -W ignore:easy_install command is deprecated setup.py egg_info --egg-base ../../build/servo_steering build --build-base /home/epiibots/ros2_ws/build/servo_steering/build install --record /home/epiibots/ros2_ws/build/servo_steering/install.log --single-version-externally-managed install_data
