[0.000000] (-) TimerEvent: {}
[0.000407] (-) JobUnselected: {'identifier': 'bno055'}
[0.000717] (-) JobUnselected: {'identifier': 'calibration'}
[0.000744] (-) JobUnselected: {'identifier': 'carrinho_base'}
[0.000903] (-) JobUnselected: {'identifier': 'controlegeral_carrinho'}
[0.000924] (-) JobUnselected: {'identifier': 'detector'}
[0.001115] (-) JobUnselected: {'identifier': 'drive_base_msgs'}
[0.001135] (-) JobUnselected: {'identifier': 'lidar_teste'}
[0.001162] (-) JobUnselected: {'identifier': 'micro_ros_agent'}
[0.001273] (-) JobUnselected: {'identifier': 'micro_ros_msgs'}
[0.001292] (-) JobUnselected: {'identifier': 'micro_ros_setup'}
[0.001312] (-) JobUnselected: {'identifier': 'pwm_rec'}
[0.001335] (-) JobUnselected: {'identifier': 'servo_steering'}
[0.001372] (-) JobUnselected: {'identifier': 'sllidar_ros2'}
[0.001397] (carrinho_localization) JobQueued: {'identifier': 'carrinho_localization', 'dependencies': OrderedDict()}
[0.001435] (carrinho_localization) JobStarted: {'identifier': 'carrinho_localization'}
[0.099668] (-) TimerEvent: {}
[0.200029] (-) TimerEvent: {}
[0.287578] (carrinho_localization) StderrLine: {'line': b'Traceback (most recent call last):\n  File "/usr/lib/python3/dist-packages/colcon_core/executor/__init__.py", line 91, in __call__\n    rc = await self.task(*args, **kwargs)\n         ^^^^^^^^^^^^^^^^^^^^^^^^^^^^^^^^\n  File "/usr/lib/python3/dist-packages/colcon_core/task/__init__.py", line 93, in __call__\n    return await task_method(*args, **kwargs)\n           ^^^^^^^^^^^^^^^^^^^^^^^^^^^^^^^^^^\n  File "/usr/lib/python3/dist-packages/colcon_ros/task/ament_python/build.py", line 51, in build\n    setup_py_data = get_setup_data(self.context.pkg, env)\n                    ^^^^^^^^^^^^^^^^^^^^^^^^^^^^^^^^^^^^^\n  File "/usr/lib/python3/dist-packages/colcon_core/task/python/__init__.py", line 20, in get_setup_data\n    return dict(pkg.metadata[key](env))\n                ^^^^^^^^^^^^^^^^^^^^^^\n  File "/usr/lib/python3/dist-packages/colcon_ros/package_augmentation/ros_ament_python.py", line 57, in getter\n    return get_setup_information(\n           ^^^^^^^^^^^^^^^^^^^^^^\n  File "/usr/lib/python3/dist-packages/colcon_python_setup_py/package_identification/python_setup_py.py", line 249, in get_setup_information\n    _setup_information_cache[hashable_env] = _get_setup_information(\n                                             ^^^^^^^^^^^^^^^^^^^^^^^\n  File "/usr/lib/python3/dist-packages/colcon_python_setup_py/package_identification/python_setup_py.py", line 296, in _get_setup_information\n    result = subprocess.run(\n             ^^^^^^^^^^^^^^^\n  File "/usr/lib/python3.12/subprocess.py", line 571, in run\n    raise CalledProcessError(retcode, process.args,\nsubprocess.CalledProcessError: Command \'[\'/usr/bin/python3\', \'-c\', \'import sys;from contextlib import suppress;exec("with suppress(ImportError):    from setuptools.extern.packaging.specifiers    import SpecifierSet");exec("with suppress(ImportError):    from packaging.specifiers import SpecifierSet");from distutils.core import run_setup;dist = run_setup(    \\\'setup.py\\\', script_args=(\\\'--dry-run\\\',), stop_after=\\\'config\\\');skip_keys = (\\\'cmdclass\\\', \\\'distclass\\\', \\\'ext_modules\\\', \\\'metadata\\\');data = {    key: value for key, value in dist.__dict__.items()     if (        not key.startswith(\\\'_\\\') and         not callable(value) and         key not in skip_keys and         key not in dist.display_option_names    )};data[\\\'metadata\\\'] = {    k: v for k, v in dist.metadata.__dict__.items()     if k not in (\\\'license_files\\\', \\\'provides_extras\\\')};sys.stdout.buffer.write(repr(data).encode(\\\'utf-8\\\'))\']\' returned non-zero exit status 1.\n'}
[0.288372] (carrinho_localization) JobEnded: {'identifier': 'carrinho_localization', 'rc': 1}
[0.298163] (-) EventReactorShutdown: {}
