[2.511s] Invoking command in '/home/epiibots/ros2_ws/src/carrinho_base': DEBUGINFOD_URLS=https://debuginfod.ubuntu.com PYTHONPATH=/home/epiibots/ros2_ws/build/carrinho_base/prefix_override:/usr/lib/python3/dist-packages/colcon_core/task/python/colcon_distutils_commands:/home/epiibots/ros2_ws/install/carrinho_base/lib/python3.12/site-packages:${PYTHONPATH} /usr/bin/python3 -W ignore:setup.py install is deprecated -W ignore:easy_install command is deprecated setup.py egg_info --egg-base ../../build/carrinho_base build --build-base /home/epiibots/ros2_ws/build/carrinho_base/build install --record /home/epiibots/ros2_ws/build/carrinho_base/install.log --single-version-externally-managed install_data
[3.471s] running egg_info
[3.532s] writing ../../build/carrinho_base/carrinho_base.egg-info/PKG-INFO
[3.533s] writing dependency_links to ../../build/carrinho_base/carrinho_base.egg-info/dependency_links.txt
[3.535s] writing entry points to ../../build/carrinho_base/carrinho_base.egg-info/entry_points.txt
[3.536s] writing requirements to ../../build/carrinho_base/carrinho_base.egg-info/requires.txt
[3.537s] writing top-level names to ../../build/carrinho_base/carrinho_base.egg-info/top_level.txt
[3.662s] reading manifest file '../../build/carrinho_base/carrinho_base.egg-info/SOURCES.txt'
[3.664s] writing manifest file '../../build/carrinho_base/carrinho_base.egg-info/SOURCES.txt'
[3.665s] running build
[3.665s] running build_py
[3.665s] copying carrinho_base/motor_control.py -> /home/epiibots/ros2_ws/build/carrinho_base/build/lib/carrinho_base
[3.665s] running install
[3.685s] running install_lib
[3.752s] copying /home/epiibots/ros2_ws/build/carrinho_base/build/lib/carrinho_base/motor_control.py -> /home/epiibots/ros2_ws/install/carrinho_base/lib/python3.12/site-packages/carrinho_base
[3.753s] byte-compiling /home/epiibots/ros2_ws/install/carrinho_base/lib/python3.12/site-packages/carrinho_base/motor_control.py to motor_control.cpython-312.pyc
[3.759s] running install_data
[3.760s] running install_egg_info
[3.840s] removing '/home/epiibots/ros2_ws/install/carrinho_base/lib/python3.12/site-packages/carrinho_base-0.0.0-py3.12.egg-info' (and everything under it)
[3.840s] Copying ../../build/carrinho_base/carrinho_base.egg-info to /home/epiibots/ros2_ws/install/carrinho_base/lib/python3.12/site-packages/carrinho_base-0.0.0-py3.12.egg-info
[3.840s] running install_scripts
[4.638s] Installing checkpoint_player script to /home/epiibots/ros2_ws/install/carrinho_base/lib/carrinho_base
[4.640s] Installing checkpoint_recorder script to /home/epiibots/ros2_ws/install/carrinho_base/lib/carrinho_base
[4.646s] Installing motor_control script to /home/epiibots/ros2_ws/install/carrinho_base/lib/carrinho_base
[4.649s] writing list of installed files to '/home/epiibots/ros2_ws/build/carrinho_base/install.log'
[5.377s] Invoked command in '/home/epiibots/ros2_ws/src/carrinho_base' returned '0': DEBUGINFOD_URLS=https://debuginfod.ubuntu.com PYTHONPATH=/home/epiibots/ros2_ws/build/carrinho_base/prefix_override:/usr/lib/python3/dist-packages/colcon_core/task/python/colcon_distutils_commands:/home/epiibots/ros2_ws/install/carrinho_base/lib/python3.12/site-packages:${PYTHONPATH} /usr/bin/python3 -W ignore:setup.py install is deprecated -W ignore:easy_install command is deprecated setup.py egg_info --egg-base ../../build/carrinho_base build --build-base /home/epiibots/ros2_ws/build/carrinho_base/build install --record /home/epiibots/ros2_ws/build/carrinho_base/install.log --single-version-externally-managed install_data
