[2.974s] Invoking command in '/home/epiibots/ros2_ws/src/calibration': DEBUGINFOD_URLS=https://debuginfod.ubuntu.com PYTHONPATH=/home/epiibots/ros2_ws/build/calibration/prefix_override:/usr/lib/python3/dist-packages/colcon_core/task/python/colcon_distutils_commands:/home/epiibots/ros2_ws/install/calibration/lib/python3.12/site-packages:${PYTHONPATH} /usr/bin/python3 -W ignore:setup.py install is deprecated -W ignore:easy_install command is deprecated setup.py egg_info --egg-base ../../build/calibration build --build-base /home/epiibots/ros2_ws/build/calibration/build install --record /home/epiibots/ros2_ws/build/calibration/install.log --single-version-externally-managed install_data
[3.765s] running egg_info
[3.799s] writing ../../build/calibration/calibration.egg-info/PKG-INFO
[3.799s] writing dependency_links to ../../build/calibration/calibration.egg-info/dependency_links.txt
[3.802s] writing entry points to ../../build/calibration/calibration.egg-info/entry_points.txt
[3.804s] writing requirements to ../../build/calibration/calibration.egg-info/requires.txt
[3.804s] writing top-level names to ../../build/calibration/calibration.egg-info/top_level.txt
[3.920s] reading manifest file '../../build/calibration/calibration.egg-info/SOURCES.txt'
[3.921s] adding license file 'LICENSE'
[3.924s] writing manifest file '../../build/calibration/calibration.egg-info/SOURCES.txt'
[3.926s] running build
[3.926s] running build_py
[3.927s] running install
[3.951s] running install_lib
[4.021s] running install_data
[4.021s] running install_egg_info
[4.090s] removing '/home/epiibots/ros2_ws/install/calibration/lib/python3.12/site-packages/calibration-0.0.0-py3.12.egg-info' (and everything under it)
[4.093s] Copying ../../build/calibration/calibration.egg-info to /home/epiibots/ros2_ws/install/calibration/lib/python3.12/site-packages/calibration-0.0.0-py3.12.egg-info
[4.094s] running install_scripts
[4.395s] Installing imu_save script to /home/epiibots/ros2_ws/install/calibration/lib/calibration
[4.396s] writing list of installed files to '/home/epiibots/ros2_ws/build/calibration/install.log'
[4.571s] Invoked command in '/home/epiibots/ros2_ws/src/calibration' returned '0': DEBUGINFOD_URLS=https://debuginfod.ubuntu.com PYTHONPATH=/home/epiibots/ros2_ws/build/calibration/prefix_override:/usr/lib/python3/dist-packages/colcon_core/task/python/colcon_distutils_commands:/home/epiibots/ros2_ws/install/calibration/lib/python3.12/site-packages:${PYTHONPATH} /usr/bin/python3 -W ignore:setup.py install is deprecated -W ignore:easy_install command is deprecated setup.py egg_info --egg-base ../../build/calibration build --build-base /home/epiibots/ros2_ws/build/calibration/build install --record /home/epiibots/ros2_ws/build/calibration/install.log --single-version-externally-managed install_data
