[1.787s] Invoking command in '/home/epiibots/ros2_ws/src/carrinho_base': DEBUGINFOD_URLS=https://debuginfod.ubuntu.com PYTHONPATH=/home/epiibots/ros2_ws/build/carrinho_base/prefix_override:/usr/lib/python3/dist-packages/colcon_core/task/python/colcon_distutils_commands:/home/epiibots/ros2_ws/install/carrinho_base/lib/python3.12/site-packages:${PYTHONPATH} /usr/bin/python3 -W ignore:setup.py install is deprecated -W ignore:easy_install command is deprecated setup.py egg_info --egg-base ../../build/carrinho_base build --build-base /home/epiibots/ros2_ws/build/carrinho_base/build install --record /home/epiibots/ros2_ws/build/carrinho_base/install.log --single-version-externally-managed install_data
[2.251s] running egg_info
[2.283s] writing ../../build/carrinho_base/carrinho_base.egg-info/PKG-INFO
[2.284s] writing dependency_links to ../../build/carrinho_base/carrinho_base.egg-info/dependency_links.txt
[2.294s] writing entry points to ../../build/carrinho_base/carrinho_base.egg-info/entry_points.txt
[2.294s] writing requirements to ../../build/carrinho_base/carrinho_base.egg-info/requires.txt
[2.294s] writing top-level names to ../../build/carrinho_base/carrinho_base.egg-info/top_level.txt
[2.359s] reading manifest file '../../build/carrinho_base/carrinho_base.egg-info/SOURCES.txt'
[2.364s] writing manifest file '../../build/carrinho_base/carrinho_base.egg-info/SOURCES.txt'
[2.365s] running build
[2.366s] running build_py
[2.366s] running install
[2.378s] running install_lib
[2.428s] running install_data
[2.432s] running install_egg_info
[2.499s] removing '/home/epiibots/ros2_ws/install/carrinho_base/lib/python3.12/site-packages/carrinho_base-0.0.0-py3.12.egg-info' (and everything under it)
[2.502s] Copying ../../build/carrinho_base/carrinho_base.egg-info to /home/epiibots/ros2_ws/install/carrinho_base/lib/python3.12/site-packages/carrinho_base-0.0.0-py3.12.egg-info
[2.515s] running install_scripts
[2.993s] Installing checkpoint_player script to /home/epiibots/ros2_ws/install/carrinho_base/lib/carrinho_base
[2.993s] Installing checkpoint_recorder script to /home/epiibots/ros2_ws/install/carrinho_base/lib/carrinho_base
[2.993s] Installing motor_control script to /home/epiibots/ros2_ws/install/carrinho_base/lib/carrinho_base
[2.994s] writing list of installed files to '/home/epiibots/ros2_ws/build/carrinho_base/install.log'
[4.057s] Invoked command in '/home/epiibots/ros2_ws/src/carrinho_base' returned '0': DEBUGINFOD_URLS=https://debuginfod.ubuntu.com PYTHONPATH=/home/epiibots/ros2_ws/build/carrinho_base/prefix_override:/usr/lib/python3/dist-packages/colcon_core/task/python/colcon_distutils_commands:/home/epiibots/ros2_ws/install/carrinho_base/lib/python3.12/site-packages:${PYTHONPATH} /usr/bin/python3 -W ignore:setup.py install is deprecated -W ignore:easy_install command is deprecated setup.py egg_info --egg-base ../../build/carrinho_base build --build-base /home/epiibots/ros2_ws/build/carrinho_base/build install --record /home/epiibots/ros2_ws/build/carrinho_base/install.log --single-version-externally-managed install_data
