[2.254s] Invoking command in '/home/epiibots/ros2_ws/src/calibration': DEBUGINFOD_URLS=https://debuginfod.ubuntu.com PYTHONPATH=/home/epiibots/ros2_ws/build/calibration/prefix_override:/usr/lib/python3/dist-packages/colcon_core/task/python/colcon_distutils_commands:/home/epiibots/ros2_ws/install/calibration/lib/python3.12/site-packages:${PYTHONPATH} /usr/bin/python3 -W ignore:setup.py install is deprecated -W ignore:easy_install command is deprecated setup.py egg_info --egg-base ../../build/calibration build --build-base /home/epiibots/ros2_ws/build/calibration/build install --record /home/epiibots/ros2_ws/build/calibration/install.log --single-version-externally-managed install_data
[2.843s] running egg_info
[2.872s] writing ../../build/calibration/calibration.egg-info/PKG-INFO
[2.875s] writing dependency_links to ../../build/calibration/calibration.egg-info/dependency_links.txt
[2.876s] writing entry points to ../../build/calibration/calibration.egg-info/entry_points.txt
[2.877s] writing requirements to ../../build/calibration/calibration.egg-info/requires.txt
[2.878s] writing top-level names to ../../build/calibration/calibration.egg-info/top_level.txt
[2.959s] reading manifest file '../../build/calibration/calibration.egg-info/SOURCES.txt'
[2.959s] adding license file 'LICENSE'
[2.960s] writing manifest file '../../build/calibration/calibration.egg-info/SOURCES.txt'
[2.961s] running build
[2.962s] running build_py
[2.962s] running install
[2.973s] running install_lib
[3.005s] running install_data
[3.006s] running install_egg_info
[3.037s] removing '/home/epiibots/ros2_ws/install/calibration/lib/python3.12/site-packages/calibration-0.0.0-py3.12.egg-info' (and everything under it)
[3.038s] Copying ../../build/calibration/calibration.egg-info to /home/epiibots/ros2_ws/install/calibration/lib/python3.12/site-packages/calibration-0.0.0-py3.12.egg-info
[3.039s] running install_scripts
[3.248s] Installing imu_save script to /home/epiibots/ros2_ws/install/calibration/lib/calibration
[3.249s] writing list of installed files to '/home/epiibots/ros2_ws/build/calibration/install.log'
[3.441s] Invoked command in '/home/epiibots/ros2_ws/src/calibration' returned '0': DEBUGINFOD_URLS=https://debuginfod.ubuntu.com PYTHONPATH=/home/epiibots/ros2_ws/build/calibration/prefix_override:/usr/lib/python3/dist-packages/colcon_core/task/python/colcon_distutils_commands:/home/epiibots/ros2_ws/install/calibration/lib/python3.12/site-packages:${PYTHONPATH} /usr/bin/python3 -W ignore:setup.py install is deprecated -W ignore:easy_install command is deprecated setup.py egg_info --egg-base ../../build/calibration build --build-base /home/epiibots/ros2_ws/build/calibration/build install --record /home/epiibots/ros2_ws/build/calibration/install.log --single-version-externally-managed install_data
