[2.616s] Invoking command in '/home/epiibots/ros2_ws/src/detector': DEBUGINFOD_URLS=https://debuginfod.ubuntu.com PYTHONPATH=/home/epiibots/ros2_ws/build/detector/prefix_override:/usr/lib/python3/dist-packages/colcon_core/task/python/colcon_distutils_commands:/home/epiibots/ros2_ws/install/detector/lib/python3.12/site-packages:${PYTHONPATH} /usr/bin/python3 -W ignore:setup.py install is deprecated -W ignore:easy_install command is deprecated setup.py egg_info --egg-base ../../build/detector build --build-base /home/epiibots/ros2_ws/build/detector/build install --record /home/epiibots/ros2_ws/build/detector/install.log --single-version-externally-managed install_data
[4.301s] running egg_info
[4.389s] writing ../../build/detector/detector.egg-info/PKG-INFO
[4.390s] writing dependency_links to ../../build/detector/detector.egg-info/dependency_links.txt
[4.397s] writing entry points to ../../build/detector/detector.egg-info/entry_points.txt
[4.397s] writing requirements to ../../build/detector/detector.egg-info/requires.txt
[4.397s] writing top-level names to ../../build/detector/detector.egg-info/top_level.txt
[4.993s] reading manifest file '../../build/detector/detector.egg-info/SOURCES.txt'
[4.993s] adding license file 'LICENSE'
[4.993s] writing manifest file '../../build/detector/detector.egg-info/SOURCES.txt'
[4.993s] running build
[4.993s] running build_py
[4.993s] running install
[4.993s] running install_lib
[5.167s] running install_data
[5.168s] running install_egg_info
[5.355s] removing '/home/epiibots/ros2_ws/install/detector/lib/python3.12/site-packages/detector-0.0.0-py3.12.egg-info' (and everything under it)
[5.358s] Copying ../../build/detector/detector.egg-info to /home/epiibots/ros2_ws/install/detector/lib/python3.12/site-packages/detector-0.0.0-py3.12.egg-info
[5.372s] running install_scripts
[5.968s] Installing apriltags script to /home/epiibots/ros2_ws/install/detector/lib/detector
[5.968s] writing list of installed files to '/home/epiibots/ros2_ws/build/detector/install.log'
[6.535s] Invoked command in '/home/epiibots/ros2_ws/src/detector' returned '0': DEBUGINFOD_URLS=https://debuginfod.ubuntu.com PYTHONPATH=/home/epiibots/ros2_ws/build/detector/prefix_override:/usr/lib/python3/dist-packages/colcon_core/task/python/colcon_distutils_commands:/home/epiibots/ros2_ws/install/detector/lib/python3.12/site-packages:${PYTHONPATH} /usr/bin/python3 -W ignore:setup.py install is deprecated -W ignore:easy_install command is deprecated setup.py egg_info --egg-base ../../build/detector build --build-base /home/epiibots/ros2_ws/build/detector/build install --record /home/epiibots/ros2_ws/build/detector/install.log --single-version-externally-managed install_data
