[5.654s] Invoking command in '/home/epiibots/ros2_ws/src/servo_steering': DEBUGINFOD_URLS=https://debuginfod.ubuntu.com PYTHONPATH=/home/epiibots/ros2_ws/build/servo_steering/prefix_override:/usr/lib/python3/dist-packages/colcon_core/task/python/colcon_distutils_commands:/home/epiibots/ros2_ws/install/servo_steering/lib/python3.12/site-packages:${PYTHONPATH} /usr/bin/python3 -W ignore:setup.py install is deprecated -W ignore:easy_install command is deprecated setup.py egg_info --egg-base ../../build/servo_steering build --build-base /home/epiibots/ros2_ws/build/servo_steering/build install --record /home/epiibots/ros2_ws/build/servo_steering/install.log --single-version-externally-managed install_data
[6.550s] running egg_info
[6.582s] writing ../../build/servo_steering/servo_steering.egg-info/PKG-INFO
[6.582s] writing dependency_links to ../../build/servo_steering/servo_steering.egg-info/dependency_links.txt
[6.584s] writing entry points to ../../build/servo_steering/servo_steering.egg-info/entry_points.txt
[6.585s] writing requirements to ../../build/servo_steering/servo_steering.egg-info/requires.txt
[6.585s] writing top-level names to ../../build/servo_steering/servo_steering.egg-info/top_level.txt
[6.672s] reading manifest file '../../build/servo_steering/servo_steering.egg-info/SOURCES.txt'
[6.674s] writing manifest file '../../build/servo_steering/servo_steering.egg-info/SOURCES.txt'
[6.675s] running build
[6.675s] running build_py
[6.675s] copying servo_steering/motor_noder.py -> /home/epiibots/ros2_ws/build/servo_steering/build/lib/servo_steering
[6.677s] running install
[6.691s] running install_lib
[6.727s] copying /home/epiibots/ros2_ws/build/servo_steering/build/lib/servo_steering/motor_noder.py -> /home/epiibots/ros2_ws/install/servo_steering/lib/python3.12/site-packages/servo_steering
[6.732s] byte-compiling /home/epiibots/ros2_ws/install/servo_steering/lib/python3.12/site-packages/servo_steering/motor_noder.py to motor_noder.cpython-312.pyc
[6.737s] running install_data
[6.738s] running install_egg_info
[6.816s] removing '/home/epiibots/ros2_ws/install/servo_steering/lib/python3.12/site-packages/servo_steering-0.1.0-py3.12.egg-info' (and everything under it)
[6.822s] Copying ../../build/servo_steering/servo_steering.egg-info to /home/epiibots/ros2_ws/install/servo_steering/lib/python3.12/site-packages/servo_steering-0.1.0-py3.12.egg-info
[6.824s] running install_scripts
[7.298s] Installing motor_node script to /home/epiibots/ros2_ws/install/servo_steering/lib/servo_steering
[7.299s] Installing motor_node_pwm script to /home/epiibots/ros2_ws/install/servo_steering/lib/servo_steering
[7.303s] Installing servo_node script to /home/epiibots/ros2_ws/install/servo_steering/lib/servo_steering
[7.306s] Installing teleop_kei script to /home/epiibots/ros2_ws/install/servo_steering/lib/servo_steering
[7.307s] Installing teleop_key script to /home/epiibots/ros2_ws/install/servo_steering/lib/servo_steering
[7.310s] writing list of installed files to '/home/epiibots/ros2_ws/build/servo_steering/install.log'
[7.509s] Invoked command in '/home/epiibots/ros2_ws/src/servo_steering' returned '0': DEBUGINFOD_URLS=https://debuginfod.ubuntu.com PYTHONPATH=/home/epiibots/ros2_ws/build/servo_steering/prefix_override:/usr/lib/python3/dist-packages/colcon_core/task/python/colcon_distutils_commands:/home/epiibots/ros2_ws/install/servo_steering/lib/python3.12/site-packages:${PYTHONPATH} /usr/bin/python3 -W ignore:setup.py install is deprecated -W ignore:easy_install command is deprecated setup.py egg_info --egg-base ../../build/servo_steering build --build-base /home/epiibots/ros2_ws/build/servo_steering/build install --record /home/epiibots/ros2_ws/build/servo_steering/install.log --single-version-externally-managed install_data
