[2.448s] Invoking command in '/home/epiibots/ros2_ws/src/carrinho_base': DEBUGINFOD_URLS=https://debuginfod.ubuntu.com PYTHONPATH=/home/epiibots/ros2_ws/build/carrinho_base/prefix_override:/usr/lib/python3/dist-packages/colcon_core/task/python/colcon_distutils_commands:/home/epiibots/ros2_ws/install/carrinho_base/lib/python3.12/site-packages:${PYTHONPATH} /usr/bin/python3 -W ignore:setup.py install is deprecated -W ignore:easy_install command is deprecated setup.py egg_info --egg-base ../../build/carrinho_base build --build-base /home/epiibots/ros2_ws/build/carrinho_base/build install --record /home/epiibots/ros2_ws/build/carrinho_base/install.log --single-version-externally-managed install_data
[3.288s] running egg_info
[3.333s] writing ../../build/carrinho_base/carrinho_base.egg-info/PKG-INFO
[3.334s] writing dependency_links to ../../build/carrinho_base/carrinho_base.egg-info/dependency_links.txt
[3.340s] writing entry points to ../../build/carrinho_base/carrinho_base.egg-info/entry_points.txt
[3.344s] writing requirements to ../../build/carrinho_base/carrinho_base.egg-info/requires.txt
[3.344s] writing top-level names to ../../build/carrinho_base/carrinho_base.egg-info/top_level.txt
[3.469s] reading manifest file '../../build/carrinho_base/carrinho_base.egg-info/SOURCES.txt'
[3.469s] writing manifest file '../../build/carrinho_base/carrinho_base.egg-info/SOURCES.txt'
[3.470s] running build
[3.470s] running build_py
[3.470s] running install
[3.481s] running install_lib
[3.555s] running install_data
[3.558s] running install_egg_info
[3.721s] removing '/home/epiibots/ros2_ws/install/carrinho_base/lib/python3.12/site-packages/carrinho_base-0.0.0-py3.12.egg-info' (and everything under it)
[3.721s] Copying ../../build/carrinho_base/carrinho_base.egg-info to /home/epiibots/ros2_ws/install/carrinho_base/lib/python3.12/site-packages/carrinho_base-0.0.0-py3.12.egg-info
[3.722s] running install_scripts
[4.226s] Installing checkpoint_player script to /home/epiibots/ros2_ws/install/carrinho_base/lib/carrinho_base
[4.227s] Installing checkpoint_recorder script to /home/epiibots/ros2_ws/install/carrinho_base/lib/carrinho_base
[4.229s] Installing motor_control script to /home/epiibots/ros2_ws/install/carrinho_base/lib/carrinho_base
[4.233s] writing list of installed files to '/home/epiibots/ros2_ws/build/carrinho_base/install.log'
[5.249s] Invoked command in '/home/epiibots/ros2_ws/src/carrinho_base' returned '0': DEBUGINFOD_URLS=https://debuginfod.ubuntu.com PYTHONPATH=/home/epiibots/ros2_ws/build/carrinho_base/prefix_override:/usr/lib/python3/dist-packages/colcon_core/task/python/colcon_distutils_commands:/home/epiibots/ros2_ws/install/carrinho_base/lib/python3.12/site-packages:${PYTHONPATH} /usr/bin/python3 -W ignore:setup.py install is deprecated -W ignore:easy_install command is deprecated setup.py egg_info --egg-base ../../build/carrinho_base build --build-base /home/epiibots/ros2_ws/build/carrinho_base/build install --record /home/epiibots/ros2_ws/build/carrinho_base/install.log --single-version-externally-managed install_data
