[5.029s] Invoking command in '/home/epiibots/ros2_ws/src/servo_steering': DEBUGINFOD_URLS=https://debuginfod.ubuntu.com PYTHONPATH=/home/epiibots/ros2_ws/build/servo_steering/prefix_override:/usr/lib/python3/dist-packages/colcon_core/task/python/colcon_distutils_commands:/home/epiibots/ros2_ws/install/servo_steering/lib/python3.12/site-packages:${PYTHONPATH} /usr/bin/python3 -W ignore:setup.py install is deprecated -W ignore:easy_install command is deprecated setup.py egg_info --egg-base ../../build/servo_steering build --build-base /home/epiibots/ros2_ws/build/servo_steering/build install --record /home/epiibots/ros2_ws/build/servo_steering/install.log --single-version-externally-managed install_data
[6.136s] running egg_info
[6.202s] writing ../../build/servo_steering/servo_steering.egg-info/PKG-INFO
[6.203s] writing dependency_links to ../../build/servo_steering/servo_steering.egg-info/dependency_links.txt
[6.210s] writing entry points to ../../build/servo_steering/servo_steering.egg-info/entry_points.txt
[6.216s] writing requirements to ../../build/servo_steering/servo_steering.egg-info/requires.txt
[6.219s] writing top-level names to ../../build/servo_steering/servo_steering.egg-info/top_level.txt
[6.444s] reading manifest file '../../build/servo_steering/servo_steering.egg-info/SOURCES.txt'
[6.446s] writing manifest file '../../build/servo_steering/servo_steering.egg-info/SOURCES.txt'
[6.447s] running build
[6.448s] running build_py
[6.450s] running install
[6.464s] running install_lib
[6.542s] running install_data
[6.543s] running install_egg_info
[6.625s] removing '/home/epiibots/ros2_ws/install/servo_steering/lib/python3.12/site-packages/servo_steering-0.1.0-py3.12.egg-info' (and everything under it)
[6.627s] Copying ../../build/servo_steering/servo_steering.egg-info to /home/epiibots/ros2_ws/install/servo_steering/lib/python3.12/site-packages/servo_steering-0.1.0-py3.12.egg-info
[6.629s] running install_scripts
[7.121s] Installing motor_node script to /home/epiibots/ros2_ws/install/servo_steering/lib/servo_steering
[7.122s] Installing motor_node_pwm script to /home/epiibots/ros2_ws/install/servo_steering/lib/servo_steering
[7.122s] Installing servo_node script to /home/epiibots/ros2_ws/install/servo_steering/lib/servo_steering
[7.122s] Installing teleop_kei script to /home/epiibots/ros2_ws/install/servo_steering/lib/servo_steering
[7.123s] Installing teleop_key script to /home/epiibots/ros2_ws/install/servo_steering/lib/servo_steering
[7.123s] writing list of installed files to '/home/epiibots/ros2_ws/build/servo_steering/install.log'
[7.342s] Invoked command in '/home/epiibots/ros2_ws/src/servo_steering' returned '0': DEBUGINFOD_URLS=https://debuginfod.ubuntu.com PYTHONPATH=/home/epiibots/ros2_ws/build/servo_steering/prefix_override:/usr/lib/python3/dist-packages/colcon_core/task/python/colcon_distutils_commands:/home/epiibots/ros2_ws/install/servo_steering/lib/python3.12/site-packages:${PYTHONPATH} /usr/bin/python3 -W ignore:setup.py install is deprecated -W ignore:easy_install command is deprecated setup.py egg_info --egg-base ../../build/servo_steering build --build-base /home/epiibots/ros2_ws/build/servo_steering/build install --record /home/epiibots/ros2_ws/build/servo_steering/install.log --single-version-externally-managed install_data
