running egg_info
creating ../../build/carrinho_localization/carrinho_localization.egg-info
writing ../../build/carrinho_localization/carrinho_localization.egg-info/PKG-INFO
writing dependency_links to ../../build/carrinho_localization/carrinho_localization.egg-info/dependency_links.txt
writing entry points to ../../build/carrinho_localization/carrinho_localization.egg-info/entry_points.txt
writing requirements to ../../build/carrinho_localization/carrinho_localization.egg-info/requires.txt
writing top-level names to ../../build/carrinho_localization/carrinho_localization.egg-info/top_level.txt
writing manifest file '../../build/carrinho_localization/carrinho_localization.egg-info/SOURCES.txt'
reading manifest file '../../build/carrinho_localization/carrinho_localization.egg-info/SOURCES.txt'
writing manifest file '../../build/carrinho_localization/carrinho_localization.egg-info/SOURCES.txt'
running build
running build_py
creating /home/epiibots/ros2_ws/build/carrinho_localization/build
creating /home/epiibots/ros2_ws/build/carrinho_localization/build/lib
creating /home/epiibots/ros2_ws/build/carrinho_localization/build/lib/carrinho_localization
copying carrinho_localization/__init__.py -> /home/epiibots/ros2_ws/build/carrinho_localization/build/lib/carrinho_localization
copying carrinho_localization/wheel_odom_relay.py -> /home/epiibots/ros2_ws/build/carrinho_localization/build/lib/carrinho_localization
running install
running install_lib
creating /home/epiibots/ros2_ws/install/carrinho_localization/lib/python3.12/site-packages/carrinho_localization
copying /home/epiibots/ros2_ws/build/carrinho_localization/build/lib/carrinho_localization/__init__.py -> /home/epiibots/ros2_ws/install/carrinho_localization/lib/python3.12/site-packages/carrinho_localization
copying /home/epiibots/ros2_ws/build/carrinho_localization/build/lib/carrinho_localization/wheel_odom_relay.py -> /home/epiibots/ros2_ws/install/carrinho_localization/lib/python3.12/site-packages/carrinho_localization
byte-compiling /home/epiibots/ros2_ws/install/carrinho_localization/lib/python3.12/site-packages/carrinho_localization/__init__.py to __init__.cpython-312.pyc
byte-compiling /home/epiibots/ros2_ws/install/carrinho_localization/lib/python3.12/site-packages/carrinho_localization/wheel_odom_relay.py to wheel_odom_relay.cpython-312.pyc
running install_data
creating /home/epiibots/ros2_ws/install/carrinho_localization/share/ament_index
creating /home/epiibots/ros2_ws/install/carrinho_localization/share/ament_index/resource_index
creating /home/epiibots/ros2_ws/install/carrinho_localization/share/ament_index/resource_index/packages
copying resource/carrinho_localization -> /home/epiibots/ros2_ws/install/carrinho_localization/share/ament_index/resource_index/packages
copying package.xml -> /home/epiibots/ros2_ws/install/carrinho_localization/share/carrinho_localization
running install_egg_info
Copying ../../build/carrinho_localization/carrinho_localization.egg-info to /home/epiibots/ros2_ws/install/carrinho_localization/lib/python3.12/site-packages/carrinho_localization-0.0.0-py3.12.egg-info
running install_scripts
Installing wheel_odom_relay script to /home/epiibots/ros2_ws/install/carrinho_localization/lib/carrinho_localization
writing list of installed files to '/home/epiibots/ros2_ws/build/carrinho_localization/install.log'
