running egg_info
creating ../../build/carrinho_control/carrinho_control.egg-info
writing ../../build/carrinho_control/carrinho_control.egg-info/PKG-INFO
writing dependency_links to ../../build/carrinho_control/carrinho_control.egg-info/dependency_links.txt
writing entry points to ../../build/carrinho_control/carrinho_control.egg-info/entry_points.txt
writing requirements to ../../build/carrinho_control/carrinho_control.egg-info/requires.txt
writing top-level names to ../../build/carrinho_control/carrinho_control.egg-info/top_level.txt
writing manifest file '../../build/carrinho_control/carrinho_control.egg-info/SOURCES.txt'
reading manifest file '../../build/carrinho_control/carrinho_control.egg-info/SOURCES.txt'
writing manifest file '../../build/carrinho_control/carrinho_control.egg-info/SOURCES.txt'
running build
running build_py
creating /home/epiibots/ros2_ws/build/carrinho_control/build
creating /home/epiibots/ros2_ws/build/carrinho_control/build/lib
creating /home/epiibots/ros2_ws/build/carrinho_control/build/lib/carrinho_control
copying carrinho_control/__init__.py -> /home/epiibots/ros2_ws/build/carrinho_control/build/lib/carrinho_control
copying carrinho_control/motor_pid_controller.py -> /home/epiibots/ros2_ws/build/carrinho_control/build/lib/carrinho_control
copying carrinho_control/pid.py -> /home/epiibots/ros2_ws/build/carrinho_control/build/lib/carrinho_control
running install
running install_lib
creating /home/epiibots/ros2_ws/install/carrinho_control/lib/python3.12/site-packages/carrinho_control
copying /home/epiibots/ros2_ws/build/carrinho_control/build/lib/carrinho_control/__init__.py -> /home/epiibots/ros2_ws/install/carrinho_control/lib/python3.12/site-packages/carrinho_control
copying /home/epiibots/ros2_ws/build/carrinho_control/build/lib/carrinho_control/motor_pid_controller.py -> /home/epiibots/ros2_ws/install/carrinho_control/lib/python3.12/site-packages/carrinho_control
copying /home/epiibots/ros2_ws/build/carrinho_control/build/lib/carrinho_control/pid.py -> /home/epiibots/ros2_ws/install/carrinho_control/lib/python3.12/site-packages/carrinho_control
byte-compiling /home/epiibots/ros2_ws/install/carrinho_control/lib/python3.12/site-packages/carrinho_control/__init__.py to __init__.cpython-312.pyc
byte-compiling /home/epiibots/ros2_ws/install/carrinho_control/lib/python3.12/site-packages/carrinho_control/motor_pid_controller.py to motor_pid_controller.cpython-312.pyc
byte-compiling /home/epiibots/ros2_ws/install/carrinho_control/lib/python3.12/site-packages/carrinho_control/pid.py to pid.cpython-312.pyc
running install_data
creating /home/epiibots/ros2_ws/install/carrinho_control/share/ament_index
creating /home/epiibots/ros2_ws/install/carrinho_control/share/ament_index/resource_index
creating /home/epiibots/ros2_ws/install/carrinho_control/share/ament_index/resource_index/packages
copying resource/carrinho_control -> /home/epiibots/ros2_ws/install/carrinho_control/share/ament_index/resource_index/packages
copying package.xml -> /home/epiibots/ros2_ws/install/carrinho_control/share/carrinho_control
creating /home/epiibots/ros2_ws/install/carrinho_control/share/carrinho_control/launch
copying launch/carrinho_control.launch.py -> /home/epiibots/ros2_ws/install/carrinho_control/share/carrinho_control/launch
running install_egg_info
Copying ../../build/carrinho_control/carrinho_control.egg-info to /home/epiibots/ros2_ws/install/carrinho_control/lib/python3.12/site-packages/carrinho_control-0.1.0-py3.12.egg-info
running install_scripts
Installing motor_pid_controller script to /home/epiibots/ros2_ws/install/carrinho_control/lib/carrinho_control
writing list of installed files to '/home/epiibots/ros2_ws/build/carrinho_control/install.log'
