[1.218s] Invoking command in '/home/epiibots/ros2_ws/src/carrinho_control': AMENT_PREFIX_PATH=/home/epiibots/ros2_ws/install/servo_steering:/home/epiibots/ros2_ws/install/carrinho_localization:${AMENT_PREFIX_PATH} DEBUGINFOD_URLS=https://debuginfod.ubuntu.com PYTHONPATH=/home/epiibots/ros2_ws/build/carrinho_control/prefix_override:/usr/lib/python3/dist-packages/colcon_core/task/python/colcon_distutils_commands:/home/epiibots/ros2_ws/install/carrinho_control/lib/python3.12/site-packages:/home/epiibots/ros2_ws/install/servo_steering/lib/python3.12/site-packages:/home/epiibots/ros2_ws/install/carrinho_localization/lib/python3.12/site-packages:${PYTHONPATH} /usr/bin/python3 -W ignore:setup.py install is deprecated -W ignore:easy_install command is deprecated setup.py egg_info --egg-base ../../build/carrinho_control build --build-base /home/epiibots/ros2_ws/build/carrinho_control/build install --record /home/epiibots/ros2_ws/build/carrinho_control/install.log --single-version-externally-managed install_data
[1.575s] running egg_info
[1.575s] creating ../../build/carrinho_control/carrinho_control.egg-info
[1.599s] writing ../../build/carrinho_control/carrinho_control.egg-info/PKG-INFO
[1.599s] writing dependency_links to ../../build/carrinho_control/carrinho_control.egg-info/dependency_links.txt
[1.600s] writing entry points to ../../build/carrinho_control/carrinho_control.egg-info/entry_points.txt
[1.600s] writing requirements to ../../build/carrinho_control/carrinho_control.egg-info/requires.txt
[1.600s] writing top-level names to ../../build/carrinho_control/carrinho_control.egg-info/top_level.txt
[1.600s] writing manifest file '../../build/carrinho_control/carrinho_control.egg-info/SOURCES.txt'
[1.651s] reading manifest file '../../build/carrinho_control/carrinho_control.egg-info/SOURCES.txt'
[1.652s] writing manifest file '../../build/carrinho_control/carrinho_control.egg-info/SOURCES.txt'
[1.653s] running build
[1.653s] running build_py
[1.653s] creating /home/epiibots/ros2_ws/build/carrinho_control/build
[1.653s] creating /home/epiibots/ros2_ws/build/carrinho_control/build/lib
[1.653s] creating /home/epiibots/ros2_ws/build/carrinho_control/build/lib/carrinho_control
[1.653s] copying carrinho_control/__init__.py -> /home/epiibots/ros2_ws/build/carrinho_control/build/lib/carrinho_control
[1.654s] copying carrinho_control/motor_pid_controller.py -> /home/epiibots/ros2_ws/build/carrinho_control/build/lib/carrinho_control
[1.654s] copying carrinho_control/pid.py -> /home/epiibots/ros2_ws/build/carrinho_control/build/lib/carrinho_control
[1.654s] running install
[1.663s] running install_lib
[1.688s] creating /home/epiibots/ros2_ws/install/carrinho_control/lib/python3.12/site-packages/carrinho_control
[1.688s] copying /home/epiibots/ros2_ws/build/carrinho_control/build/lib/carrinho_control/__init__.py -> /home/epiibots/ros2_ws/install/carrinho_control/lib/python3.12/site-packages/carrinho_control
[1.688s] copying /home/epiibots/ros2_ws/build/carrinho_control/build/lib/carrinho_control/motor_pid_controller.py -> /home/epiibots/ros2_ws/install/carrinho_control/lib/python3.12/site-packages/carrinho_control
[1.688s] copying /home/epiibots/ros2_ws/build/carrinho_control/build/lib/carrinho_control/pid.py -> /home/epiibots/ros2_ws/install/carrinho_control/lib/python3.12/site-packages/carrinho_control
[1.689s] byte-compiling /home/epiibots/ros2_ws/install/carrinho_control/lib/python3.12/site-packages/carrinho_control/__init__.py to __init__.cpython-312.pyc
[1.690s] byte-compiling /home/epiibots/ros2_ws/install/carrinho_control/lib/python3.12/site-packages/carrinho_control/motor_pid_controller.py to motor_pid_controller.cpython-312.pyc
[1.692s] byte-compiling /home/epiibots/ros2_ws/install/carrinho_control/lib/python3.12/site-packages/carrinho_control/pid.py to pid.cpython-312.pyc
[1.693s] running install_data
[1.693s] creating /home/epiibots/ros2_ws/install/carrinho_control/share/ament_index
[1.693s] creating /home/epiibots/ros2_ws/install/carrinho_control/share/ament_index/resource_index
[1.693s] creating /home/epiibots/ros2_ws/install/carrinho_control/share/ament_index/resource_index/packages
[1.693s] copying resource/carrinho_control -> /home/epiibots/ros2_ws/install/carrinho_control/share/ament_index/resource_index/packages
[1.694s] copying package.xml -> /home/epiibots/ros2_ws/install/carrinho_control/share/carrinho_control
[1.694s] creating /home/epiibots/ros2_ws/install/carrinho_control/share/carrinho_control/launch
[1.694s] copying launch/carrinho_control.launch.py -> /home/epiibots/ros2_ws/install/carrinho_control/share/carrinho_control/launch
[1.694s] running install_egg_info
[1.720s] Copying ../../build/carrinho_control/carrinho_control.egg-info to /home/epiibots/ros2_ws/install/carrinho_control/lib/python3.12/site-packages/carrinho_control-0.1.0-py3.12.egg-info
[1.722s] running install_scripts
[1.911s] Installing motor_pid_controller script to /home/epiibots/ros2_ws/install/carrinho_control/lib/carrinho_control
[1.911s] writing list of installed files to '/home/epiibots/ros2_ws/build/carrinho_control/install.log'
[2.005s] Invoked command in '/home/epiibots/ros2_ws/src/carrinho_control' returned '0': AMENT_PREFIX_PATH=/home/epiibots/ros2_ws/install/servo_steering:/home/epiibots/ros2_ws/install/carrinho_localization:${AMENT_PREFIX_PATH} DEBUGINFOD_URLS=https://debuginfod.ubuntu.com PYTHONPATH=/home/epiibots/ros2_ws/build/carrinho_control/prefix_override:/usr/lib/python3/dist-packages/colcon_core/task/python/colcon_distutils_commands:/home/epiibots/ros2_ws/install/carrinho_control/lib/python3.12/site-packages:/home/epiibots/ros2_ws/install/servo_steering/lib/python3.12/site-packages:/home/epiibots/ros2_ws/install/carrinho_localization/lib/python3.12/site-packages:${PYTHONPATH} /usr/bin/python3 -W ignore:setup.py install is deprecated -W ignore:easy_install command is deprecated setup.py egg_info --egg-base ../../build/carrinho_control build --build-base /home/epiibots/ros2_ws/build/carrinho_control/build install --record /home/epiibots/ros2_ws/build/carrinho_control/install.log --single-version-externally-managed install_data
