[5.669s] Invoking command in '/home/epiibots/ros2_ws/src/pwm_rec': DEBUGINFOD_URLS=https://debuginfod.ubuntu.com PYTHONPATH=/home/epiibots/ros2_ws/build/pwm_rec/prefix_override:/usr/lib/python3/dist-packages/colcon_core/task/python/colcon_distutils_commands:/home/epiibots/ros2_ws/install/pwm_rec/lib/python3.12/site-packages:${PYTHONPATH} /usr/bin/python3 -W ignore:setup.py install is deprecated -W ignore:easy_install command is deprecated setup.py egg_info --egg-base ../../build/pwm_rec build --build-base /home/epiibots/ros2_ws/build/pwm_rec/build install --record /home/epiibots/ros2_ws/build/pwm_rec/install.log --single-version-externally-managed install_data
[6.700s] running egg_info
[6.762s] writing ../../build/pwm_rec/pwm_rec.egg-info/PKG-INFO
[6.763s] writing dependency_links to ../../build/pwm_rec/pwm_rec.egg-info/dependency_links.txt
[6.767s] writing entry points to ../../build/pwm_rec/pwm_rec.egg-info/entry_points.txt
[6.768s] writing requirements to ../../build/pwm_rec/pwm_rec.egg-info/requires.txt
[6.773s] writing top-level names to ../../build/pwm_rec/pwm_rec.egg-info/top_level.txt
[6.885s] reading manifest file '../../build/pwm_rec/pwm_rec.egg-info/SOURCES.txt'
[6.891s] adding license file 'LICENSE'
[6.891s] writing manifest file '../../build/pwm_rec/pwm_rec.egg-info/SOURCES.txt'
[6.891s] running build
[6.891s] running build_py
[6.891s] copying pwm_rec/rpm_saver.py -> /home/epiibots/ros2_ws/build/pwm_rec/build/lib/pwm_rec
[6.892s] running install
[6.906s] running install_lib
[6.972s] copying /home/epiibots/ros2_ws/build/pwm_rec/build/lib/pwm_rec/rpm_saver.py -> /home/epiibots/ros2_ws/install/pwm_rec/lib/python3.12/site-packages/pwm_rec
[6.974s] byte-compiling /home/epiibots/ros2_ws/install/pwm_rec/lib/python3.12/site-packages/pwm_rec/rpm_saver.py to rpm_saver.cpython-312.pyc
[6.981s] running install_data
[6.981s] running install_egg_info
[7.052s] removing '/home/epiibots/ros2_ws/install/pwm_rec/lib/python3.12/site-packages/pwm_rec-0.0.0-py3.12.egg-info' (and everything under it)
[7.057s] Copying ../../build/pwm_rec/pwm_rec.egg-info to /home/epiibots/ros2_ws/install/pwm_rec/lib/python3.12/site-packages/pwm_rec-0.0.0-py3.12.egg-info
[7.062s] running install_scripts
[7.479s] Installing rpm_saver script to /home/epiibots/ros2_ws/install/pwm_rec/lib/pwm_rec
[7.480s] writing list of installed files to '/home/epiibots/ros2_ws/build/pwm_rec/install.log'
[7.707s] Invoked command in '/home/epiibots/ros2_ws/src/pwm_rec' returned '0': DEBUGINFOD_URLS=https://debuginfod.ubuntu.com PYTHONPATH=/home/epiibots/ros2_ws/build/pwm_rec/prefix_override:/usr/lib/python3/dist-packages/colcon_core/task/python/colcon_distutils_commands:/home/epiibots/ros2_ws/install/pwm_rec/lib/python3.12/site-packages:${PYTHONPATH} /usr/bin/python3 -W ignore:setup.py install is deprecated -W ignore:easy_install command is deprecated setup.py egg_info --egg-base ../../build/pwm_rec build --build-base /home/epiibots/ros2_ws/build/pwm_rec/build install --record /home/epiibots/ros2_ws/build/pwm_rec/install.log --single-version-externally-managed install_data
