[3.469s] Invoking command in '/home/epiibots/ros2_ws/src/servo_steering': DEBUGINFOD_URLS=https://debuginfod.ubuntu.com PYTHONPATH=/home/epiibots/ros2_ws/build/servo_steering/prefix_override:/usr/lib/python3/dist-packages/colcon_core/task/python/colcon_distutils_commands:/home/epiibots/ros2_ws/install/servo_steering/lib/python3.12/site-packages:${PYTHONPATH} /usr/bin/python3 -W ignore:setup.py install is deprecated -W ignore:easy_install command is deprecated setup.py egg_info --egg-base ../../build/servo_steering build --build-base /home/epiibots/ros2_ws/build/servo_steering/build install --record /home/epiibots/ros2_ws/build/servo_steering/install.log --single-version-externally-managed install_data
[4.086s] running egg_info
[4.145s] writing ../../build/servo_steering/servo_steering.egg-info/PKG-INFO
[4.149s] writing dependency_links to ../../build/servo_steering/servo_steering.egg-info/dependency_links.txt
[4.151s] writing entry points to ../../build/servo_steering/servo_steering.egg-info/entry_points.txt
[4.153s] writing requirements to ../../build/servo_steering/servo_steering.egg-info/requires.txt
[4.157s] writing top-level names to ../../build/servo_steering/servo_steering.egg-info/top_level.txt
[4.254s] reading manifest file '../../build/servo_steering/servo_steering.egg-info/SOURCES.txt'
[4.257s] writing manifest file '../../build/servo_steering/servo_steering.egg-info/SOURCES.txt'
[4.258s] running build
[4.258s] running build_py
[4.258s] running install
[4.272s] running install_lib
[4.329s] running install_data
[4.329s] running install_egg_info
[4.381s] removing '/home/epiibots/ros2_ws/install/servo_steering/lib/python3.12/site-packages/servo_steering-0.1.0-py3.12.egg-info' (and everything under it)
[4.384s] Copying ../../build/servo_steering/servo_steering.egg-info to /home/epiibots/ros2_ws/install/servo_steering/lib/python3.12/site-packages/servo_steering-0.1.0-py3.12.egg-info
[4.390s] running install_scripts
[4.725s] Installing motor_node script to /home/epiibots/ros2_ws/install/servo_steering/lib/servo_steering
[4.726s] Installing servo_node script to /home/epiibots/ros2_ws/install/servo_steering/lib/servo_steering
[4.729s] Installing teleop_kei script to /home/epiibots/ros2_ws/install/servo_steering/lib/servo_steering
[4.733s] Installing teleop_key script to /home/epiibots/ros2_ws/install/servo_steering/lib/servo_steering
[4.733s] writing list of installed files to '/home/epiibots/ros2_ws/build/servo_steering/install.log'
[4.919s] Invoked command in '/home/epiibots/ros2_ws/src/servo_steering' returned '0': DEBUGINFOD_URLS=https://debuginfod.ubuntu.com PYTHONPATH=/home/epiibots/ros2_ws/build/servo_steering/prefix_override:/usr/lib/python3/dist-packages/colcon_core/task/python/colcon_distutils_commands:/home/epiibots/ros2_ws/install/servo_steering/lib/python3.12/site-packages:${PYTHONPATH} /usr/bin/python3 -W ignore:setup.py install is deprecated -W ignore:easy_install command is deprecated setup.py egg_info --egg-base ../../build/servo_steering build --build-base /home/epiibots/ros2_ws/build/servo_steering/build install --record /home/epiibots/ros2_ws/build/servo_steering/install.log --single-version-externally-managed install_data
