[5.335s] Invoking command in '/home/epiibots/ros2_ws/src/detector': DEBUGINFOD_URLS=https://debuginfod.ubuntu.com PYTHONPATH=/home/epiibots/ros2_ws/build/detector/prefix_override:/usr/lib/python3/dist-packages/colcon_core/task/python/colcon_distutils_commands:/home/epiibots/ros2_ws/install/detector/lib/python3.12/site-packages:${PYTHONPATH} /usr/bin/python3 -W ignore:setup.py install is deprecated -W ignore:easy_install command is deprecated setup.py egg_info --egg-base ../../build/detector build --build-base /home/epiibots/ros2_ws/build/detector/build install --record /home/epiibots/ros2_ws/build/detector/install.log --single-version-externally-managed install_data
[6.367s] running egg_info
[6.414s] writing ../../build/detector/detector.egg-info/PKG-INFO
[6.415s] writing dependency_links to ../../build/detector/detector.egg-info/dependency_links.txt
[6.422s] writing entry points to ../../build/detector/detector.egg-info/entry_points.txt
[6.426s] writing requirements to ../../build/detector/detector.egg-info/requires.txt
[6.426s] writing top-level names to ../../build/detector/detector.egg-info/top_level.txt
[6.564s] reading manifest file '../../build/detector/detector.egg-info/SOURCES.txt'
[6.566s] adding license file 'LICENSE'
[6.567s] writing manifest file '../../build/detector/detector.egg-info/SOURCES.txt'
[6.568s] running build
[6.568s] running build_py
[6.569s] running install
[6.585s] running install_lib
[6.672s] running install_data
[6.672s] running install_egg_info
[6.748s] removing '/home/epiibots/ros2_ws/install/detector/lib/python3.12/site-packages/detector-0.0.0-py3.12.egg-info' (and everything under it)
[6.748s] Copying ../../build/detector/detector.egg-info to /home/epiibots/ros2_ws/install/detector/lib/python3.12/site-packages/detector-0.0.0-py3.12.egg-info
[6.748s] running install_scripts
[7.428s] Installing apriltags script to /home/epiibots/ros2_ws/install/detector/lib/detector
[7.429s] writing list of installed files to '/home/epiibots/ros2_ws/build/detector/install.log'
[8.847s] Invoked command in '/home/epiibots/ros2_ws/src/detector' returned '0': DEBUGINFOD_URLS=https://debuginfod.ubuntu.com PYTHONPATH=/home/epiibots/ros2_ws/build/detector/prefix_override:/usr/lib/python3/dist-packages/colcon_core/task/python/colcon_distutils_commands:/home/epiibots/ros2_ws/install/detector/lib/python3.12/site-packages:${PYTHONPATH} /usr/bin/python3 -W ignore:setup.py install is deprecated -W ignore:easy_install command is deprecated setup.py egg_info --egg-base ../../build/detector build --build-base /home/epiibots/ros2_ws/build/detector/build install --record /home/epiibots/ros2_ws/build/detector/install.log --single-version-externally-managed install_data
