[3.137s] Invoking command in '/home/epiibots/ros2_ws/src/detector': DEBUGINFOD_URLS=https://debuginfod.ubuntu.com PYTHONPATH=/home/epiibots/ros2_ws/build/detector/prefix_override:/usr/lib/python3/dist-packages/colcon_core/task/python/colcon_distutils_commands:/home/epiibots/ros2_ws/install/detector/lib/python3.12/site-packages:${PYTHONPATH} /usr/bin/python3 -W ignore:setup.py install is deprecated -W ignore:easy_install command is deprecated setup.py egg_info --egg-base ../../build/detector build --build-base /home/epiibots/ros2_ws/build/detector/build install --record /home/epiibots/ros2_ws/build/detector/install.log --single-version-externally-managed install_data
[3.840s] running egg_info
[3.886s] writing ../../build/detector/detector.egg-info/PKG-INFO
[3.886s] writing dependency_links to ../../build/detector/detector.egg-info/dependency_links.txt
[3.889s] writing entry points to ../../build/detector/detector.egg-info/entry_points.txt
[3.890s] writing requirements to ../../build/detector/detector.egg-info/requires.txt
[3.890s] writing top-level names to ../../build/detector/detector.egg-info/top_level.txt
[3.946s] reading manifest file '../../build/detector/detector.egg-info/SOURCES.txt'
[3.946s] adding license file 'LICENSE'
[3.947s] writing manifest file '../../build/detector/detector.egg-info/SOURCES.txt'
[3.947s] running build
[3.947s] running build_py
[3.948s] running install
[3.957s] running install_lib
[3.999s] running install_data
[4.000s] running install_egg_info
[4.064s] removing '/home/epiibots/ros2_ws/install/detector/lib/python3.12/site-packages/detector-0.0.0-py3.12.egg-info' (and everything under it)
[4.064s] Copying ../../build/detector/detector.egg-info to /home/epiibots/ros2_ws/install/detector/lib/python3.12/site-packages/detector-0.0.0-py3.12.egg-info
[4.066s] running install_scripts
[4.348s] Installing apriltags script to /home/epiibots/ros2_ws/install/detector/lib/detector
[4.349s] writing list of installed files to '/home/epiibots/ros2_ws/build/detector/install.log'
[5.018s] Invoked command in '/home/epiibots/ros2_ws/src/detector' returned '0': DEBUGINFOD_URLS=https://debuginfod.ubuntu.com PYTHONPATH=/home/epiibots/ros2_ws/build/detector/prefix_override:/usr/lib/python3/dist-packages/colcon_core/task/python/colcon_distutils_commands:/home/epiibots/ros2_ws/install/detector/lib/python3.12/site-packages:${PYTHONPATH} /usr/bin/python3 -W ignore:setup.py install is deprecated -W ignore:easy_install command is deprecated setup.py egg_info --egg-base ../../build/detector build --build-base /home/epiibots/ros2_ws/build/detector/build install --record /home/epiibots/ros2_ws/build/detector/install.log --single-version-externally-managed install_data
