[1.244s] Invoking command in '/home/epiibots/ros2_ws/src/carrinho_control': AMENT_PREFIX_PATH=/home/epiibots/ros2_ws/install/servo_steering:/home/epiibots/ros2_ws/install/carrinho_localization:/home/epiibots/install/micro_ros_agent:/home/epiibots/install/micro_ros_msgs:/home/epiibots/ros2_ws/install/controlegeral_carrinho:/home/epiibots/ros2_ws/install/sllidar_ros2:/home/epiibots/ros2_ws/install/carrinho_control:/home/epiibots/ros2_ws/install/pwm_rec:/home/epiibots/ros2_ws/install/micro_ros_setup:/home/epiibots/ros2_ws/install/micro_ros_agent:/home/epiibots/ros2_ws/install/micro_ros_msgs:/home/epiibots/ros2_ws/install/lidar_teste:/home/epiibots/ros2_ws/install/drive_base_msgs:/home/epiibots/ros2_ws/install/detector:/home/epiibots/ros2_ws/install/carrinho_base:/home/epiibots/ros2_ws/install/calibration:/home/epiibots/ros2_ws/install/bno055:/opt/ros/jazzy DEBUGINFOD_URLS=https://debuginfod.ubuntu.com PYTHONPATH=/home/epiibots/ros2_ws/build/carrinho_control/prefix_override:/usr/lib/python3/dist-packages/colcon_core/task/python/colcon_distutils_commands:/home/epiibots/ros2_ws/install/carrinho_control/lib/python3.12/site-packages:/home/epiibots/ros2_ws/install/servo_steering/lib/python3.12/site-packages:/home/epiibots/ros2_ws/install/carrinho_localization/lib/python3.12/site-packages:/home/epiibots/install/micro_ros_msgs/lib/python3.12/site-packages:/home/epiibots/ros2_ws/install/controlegeral_carrinho/lib/python3.12/site-packages:/home/epiibots/ros2_ws/install/carrinho_control/lib/python3.12/site-packages:/home/epiibots/ros2_ws/install/pwm_rec/lib/python3.12/site-packages:/home/epiibots/ros2_ws/install/micro_ros_msgs/lib/python3.12/site-packages:/home/epiibots/ros2_ws/install/lidar_teste/lib/python3.12/site-packages:/home/epiibots/ros2_ws/install/drive_base_msgs/lib/python3.12/site-packages:/home/epiibots/ros2_ws/install/detector/lib/python3.12/site-packages:/home/epiibots/ros2_ws/install/carrinho_base/lib/python3.12/site-packages:/home/epiibots/ros2_ws/install/calibration/lib/python3.12/site-packages:/home/epiibots/ros2_ws/install/bno055/lib/python3.12/site-packages:/opt/ros/jazzy/lib/python3.12/site-packages /usr/bin/python3 -W ignore:setup.py install is deprecated -W ignore:easy_install command is deprecated setup.py egg_info --egg-base ../../build/carrinho_control build --build-base /home/epiibots/ros2_ws/build/carrinho_control/build install --record /home/epiibots/ros2_ws/build/carrinho_control/install.log --single-version-externally-managed install_data
[1.624s] running egg_info
[1.651s] writing ../../build/carrinho_control/carrinho_control.egg-info/PKG-INFO
[1.651s] writing dependency_links to ../../build/carrinho_control/carrinho_control.egg-info/dependency_links.txt
[1.654s] writing entry points to ../../build/carrinho_control/carrinho_control.egg-info/entry_points.txt
[1.655s] writing requirements to ../../build/carrinho_control/carrinho_control.egg-info/requires.txt
[1.656s] writing top-level names to ../../build/carrinho_control/carrinho_control.egg-info/top_level.txt
[1.711s] reading manifest file '../../build/carrinho_control/carrinho_control.egg-info/SOURCES.txt'
[1.712s] writing manifest file '../../build/carrinho_control/carrinho_control.egg-info/SOURCES.txt'
[1.713s] running build
[1.713s] running build_py
[1.713s] copying carrinho_control/motor_pid_controller.py -> /home/epiibots/ros2_ws/build/carrinho_control/build/lib/carrinho_control
[1.713s] running install
[1.723s] running install_lib
[1.749s] copying /home/epiibots/ros2_ws/build/carrinho_control/build/lib/carrinho_control/motor_pid_controller.py -> /home/epiibots/ros2_ws/install/carrinho_control/lib/python3.12/site-packages/carrinho_control
[1.750s] byte-compiling /home/epiibots/ros2_ws/install/carrinho_control/lib/python3.12/site-packages/carrinho_control/motor_pid_controller.py to motor_pid_controller.cpython-312.pyc
[1.752s] running install_data
[1.753s] running install_egg_info
[1.781s] removing '/home/epiibots/ros2_ws/install/carrinho_control/lib/python3.12/site-packages/carrinho_control-0.1.0-py3.12.egg-info' (and everything under it)
[1.784s] Copying ../../build/carrinho_control/carrinho_control.egg-info to /home/epiibots/ros2_ws/install/carrinho_control/lib/python3.12/site-packages/carrinho_control-0.1.0-py3.12.egg-info
[1.784s] running install_scripts
[1.988s] Installing motor_pid_controller script to /home/epiibots/ros2_ws/install/carrinho_control/lib/carrinho_control
[1.989s] writing list of installed files to '/home/epiibots/ros2_ws/build/carrinho_control/install.log'
[2.071s] Invoked command in '/home/epiibots/ros2_ws/src/carrinho_control' returned '0': AMENT_PREFIX_PATH=/home/epiibots/ros2_ws/install/servo_steering:/home/epiibots/ros2_ws/install/carrinho_localization:/home/epiibots/install/micro_ros_agent:/home/epiibots/install/micro_ros_msgs:/home/epiibots/ros2_ws/install/controlegeral_carrinho:/home/epiibots/ros2_ws/install/sllidar_ros2:/home/epiibots/ros2_ws/install/carrinho_control:/home/epiibots/ros2_ws/install/pwm_rec:/home/epiibots/ros2_ws/install/micro_ros_setup:/home/epiibots/ros2_ws/install/micro_ros_agent:/home/epiibots/ros2_ws/install/micro_ros_msgs:/home/epiibots/ros2_ws/install/lidar_teste:/home/epiibots/ros2_ws/install/drive_base_msgs:/home/epiibots/ros2_ws/install/detector:/home/epiibots/ros2_ws/install/carrinho_base:/home/epiibots/ros2_ws/install/calibration:/home/epiibots/ros2_ws/install/bno055:/opt/ros/jazzy DEBUGINFOD_URLS=https://debuginfod.ubuntu.com PYTHONPATH=/home/epiibots/ros2_ws/build/carrinho_control/prefix_override:/usr/lib/python3/dist-packages/colcon_core/task/python/colcon_distutils_commands:/home/epiibots/ros2_ws/install/carrinho_control/lib/python3.12/site-packages:/home/epiibots/ros2_ws/install/servo_steering/lib/python3.12/site-packages:/home/epiibots/ros2_ws/install/carrinho_localization/lib/python3.12/site-packages:/home/epiibots/install/micro_ros_msgs/lib/python3.12/site-packages:/home/epiibots/ros2_ws/install/controlegeral_carrinho/lib/python3.12/site-packages:/home/epiibots/ros2_ws/install/carrinho_control/lib/python3.12/site-packages:/home/epiibots/ros2_ws/install/pwm_rec/lib/python3.12/site-packages:/home/epiibots/ros2_ws/install/micro_ros_msgs/lib/python3.12/site-packages:/home/epiibots/ros2_ws/install/lidar_teste/lib/python3.12/site-packages:/home/epiibots/ros2_ws/install/drive_base_msgs/lib/python3.12/site-packages:/home/epiibots/ros2_ws/install/detector/lib/python3.12/site-packages:/home/epiibots/ros2_ws/install/carrinho_base/lib/python3.12/site-packages:/home/epiibots/ros2_ws/install/calibration/lib/python3.12/site-packages:/home/epiibots/ros2_ws/install/bno055/lib/python3.12/site-packages:/opt/ros/jazzy/lib/python3.12/site-packages /usr/bin/python3 -W ignore:setup.py install is deprecated -W ignore:easy_install command is deprecated setup.py egg_info --egg-base ../../build/carrinho_control build --build-base /home/epiibots/ros2_ws/build/carrinho_control/build install --record /home/epiibots/ros2_ws/build/carrinho_control/install.log --single-version-externally-managed install_data
