[3.119s] Invoking command in '/home/epiibots/ros2_ws/src/pwm_rec': DEBUGINFOD_URLS=https://debuginfod.ubuntu.com PYTHONPATH=/home/epiibots/ros2_ws/build/pwm_rec/prefix_override:/usr/lib/python3/dist-packages/colcon_core/task/python/colcon_distutils_commands:/home/epiibots/ros2_ws/install/pwm_rec/lib/python3.12/site-packages:${PYTHONPATH} /usr/bin/python3 -W ignore:setup.py install is deprecated -W ignore:easy_install command is deprecated setup.py egg_info --egg-base ../../build/pwm_rec build --build-base /home/epiibots/ros2_ws/build/pwm_rec/build install --record /home/epiibots/ros2_ws/build/pwm_rec/install.log --single-version-externally-managed install_data
[4.516s] running egg_info
[4.582s] writing ../../build/pwm_rec/pwm_rec.egg-info/PKG-INFO
[4.583s] writing dependency_links to ../../build/pwm_rec/pwm_rec.egg-info/dependency_links.txt
[4.586s] writing entry points to ../../build/pwm_rec/pwm_rec.egg-info/entry_points.txt
[4.588s] writing requirements to ../../build/pwm_rec/pwm_rec.egg-info/requires.txt
[4.589s] writing top-level names to ../../build/pwm_rec/pwm_rec.egg-info/top_level.txt
[4.844s] reading manifest file '../../build/pwm_rec/pwm_rec.egg-info/SOURCES.txt'
[4.848s] adding license file 'LICENSE'
[4.848s] writing manifest file '../../build/pwm_rec/pwm_rec.egg-info/SOURCES.txt'
[4.849s] running build
[4.849s] running build_py
[4.854s] running install
[4.874s] running install_lib
[4.923s] running install_data
[4.924s] running install_egg_info
[5.079s] removing '/home/epiibots/ros2_ws/install/pwm_rec/lib/python3.12/site-packages/pwm_rec-0.0.0-py3.12.egg-info' (and everything under it)
[5.079s] Copying ../../build/pwm_rec/pwm_rec.egg-info to /home/epiibots/ros2_ws/install/pwm_rec/lib/python3.12/site-packages/pwm_rec-0.0.0-py3.12.egg-info
[5.082s] running install_scripts
[5.874s] Installing rpm_saver script to /home/epiibots/ros2_ws/install/pwm_rec/lib/pwm_rec
[5.875s] writing list of installed files to '/home/epiibots/ros2_ws/build/pwm_rec/install.log'
[6.475s] Invoked command in '/home/epiibots/ros2_ws/src/pwm_rec' returned '0': DEBUGINFOD_URLS=https://debuginfod.ubuntu.com PYTHONPATH=/home/epiibots/ros2_ws/build/pwm_rec/prefix_override:/usr/lib/python3/dist-packages/colcon_core/task/python/colcon_distutils_commands:/home/epiibots/ros2_ws/install/pwm_rec/lib/python3.12/site-packages:${PYTHONPATH} /usr/bin/python3 -W ignore:setup.py install is deprecated -W ignore:easy_install command is deprecated setup.py egg_info --egg-base ../../build/pwm_rec build --build-base /home/epiibots/ros2_ws/build/pwm_rec/build install --record /home/epiibots/ros2_ws/build/pwm_rec/install.log --single-version-externally-managed install_data
