[2.528s] Invoking command in '/home/epiibots/ros2_ws/src/servo_steering': DEBUGINFOD_URLS=https://debuginfod.ubuntu.com PYTHONPATH=/home/epiibots/ros2_ws/build/servo_steering/prefix_override:/usr/lib/python3/dist-packages/colcon_core/task/python/colcon_distutils_commands:/home/epiibots/ros2_ws/install/servo_steering/lib/python3.12/site-packages:${PYTHONPATH} /usr/bin/python3 -W ignore:setup.py install is deprecated -W ignore:easy_install command is deprecated setup.py egg_info --egg-base ../../build/servo_steering build --build-base /home/epiibots/ros2_ws/build/servo_steering/build install --record /home/epiibots/ros2_ws/build/servo_steering/install.log --single-version-externally-managed install_data
[3.417s] running egg_info
[3.464s] writing ../../build/servo_steering/servo_steering.egg-info/PKG-INFO
[3.467s] writing dependency_links to ../../build/servo_steering/servo_steering.egg-info/dependency_links.txt
[3.472s] writing entry points to ../../build/servo_steering/servo_steering.egg-info/entry_points.txt
[3.472s] writing requirements to ../../build/servo_steering/servo_steering.egg-info/requires.txt
[3.475s] writing top-level names to ../../build/servo_steering/servo_steering.egg-info/top_level.txt
[3.600s] reading manifest file '../../build/servo_steering/servo_steering.egg-info/SOURCES.txt'
[3.604s] writing manifest file '../../build/servo_steering/servo_steering.egg-info/SOURCES.txt'
[3.606s] running build
[3.606s] running build_py
[3.609s] copying servo_steering/motor_node.py -> /home/epiibots/ros2_ws/build/servo_steering/build/lib/servo_steering
[3.613s] running install
[3.629s] running install_lib
[3.693s] copying /home/epiibots/ros2_ws/build/servo_steering/build/lib/servo_steering/motor_node.py -> /home/epiibots/ros2_ws/install/servo_steering/lib/python3.12/site-packages/servo_steering
[3.696s] byte-compiling /home/epiibots/ros2_ws/install/servo_steering/lib/python3.12/site-packages/servo_steering/motor_node.py to motor_node.cpython-312.pyc
[3.701s] running install_data
[3.703s] running install_egg_info
[3.756s] removing '/home/epiibots/ros2_ws/install/servo_steering/lib/python3.12/site-packages/servo_steering-0.1.0-py3.12.egg-info' (and everything under it)
[3.758s] Copying ../../build/servo_steering/servo_steering.egg-info to /home/epiibots/ros2_ws/install/servo_steering/lib/python3.12/site-packages/servo_steering-0.1.0-py3.12.egg-info
[3.760s] running install_scripts
[4.114s] Installing motor_node script to /home/epiibots/ros2_ws/install/servo_steering/lib/servo_steering
[4.114s] Installing servo_node script to /home/epiibots/ros2_ws/install/servo_steering/lib/servo_steering
[4.116s] Installing teleop_kei script to /home/epiibots/ros2_ws/install/servo_steering/lib/servo_steering
[4.116s] Installing teleop_key script to /home/epiibots/ros2_ws/install/servo_steering/lib/servo_steering
[4.117s] writing list of installed files to '/home/epiibots/ros2_ws/build/servo_steering/install.log'
[4.295s] Invoked command in '/home/epiibots/ros2_ws/src/servo_steering' returned '0': DEBUGINFOD_URLS=https://debuginfod.ubuntu.com PYTHONPATH=/home/epiibots/ros2_ws/build/servo_steering/prefix_override:/usr/lib/python3/dist-packages/colcon_core/task/python/colcon_distutils_commands:/home/epiibots/ros2_ws/install/servo_steering/lib/python3.12/site-packages:${PYTHONPATH} /usr/bin/python3 -W ignore:setup.py install is deprecated -W ignore:easy_install command is deprecated setup.py egg_info --egg-base ../../build/servo_steering build --build-base /home/epiibots/ros2_ws/build/servo_steering/build install --record /home/epiibots/ros2_ws/build/servo_steering/install.log --single-version-externally-managed install_data
