[5.318s] Invoking command in '/home/epiibots/ros2_ws/src/carrinho_base': DEBUGINFOD_URLS=https://debuginfod.ubuntu.com PYTHONPATH=/home/epiibots/ros2_ws/build/carrinho_base/prefix_override:/usr/lib/python3/dist-packages/colcon_core/task/python/colcon_distutils_commands:/home/epiibots/ros2_ws/install/carrinho_base/lib/python3.12/site-packages:${PYTHONPATH} /usr/bin/python3 -W ignore:setup.py install is deprecated -W ignore:easy_install command is deprecated setup.py egg_info --egg-base ../../build/carrinho_base build --build-base /home/epiibots/ros2_ws/build/carrinho_base/build install --record /home/epiibots/ros2_ws/build/carrinho_base/install.log --single-version-externally-managed install_data
[6.367s] running egg_info
[6.444s] writing ../../build/carrinho_base/carrinho_base.egg-info/PKG-INFO
[6.445s] writing dependency_links to ../../build/carrinho_base/carrinho_base.egg-info/dependency_links.txt
[6.445s] writing entry points to ../../build/carrinho_base/carrinho_base.egg-info/entry_points.txt
[6.450s] writing requirements to ../../build/carrinho_base/carrinho_base.egg-info/requires.txt
[6.455s] writing top-level names to ../../build/carrinho_base/carrinho_base.egg-info/top_level.txt
[6.601s] reading manifest file '../../build/carrinho_base/carrinho_base.egg-info/SOURCES.txt'
[6.613s] writing manifest file '../../build/carrinho_base/carrinho_base.egg-info/SOURCES.txt'
[6.614s] running build
[6.615s] running build_py
[6.615s] running install
[6.663s] running install_lib
[6.810s] running install_data
[6.813s] running install_egg_info
[6.964s] removing '/home/epiibots/ros2_ws/install/carrinho_base/lib/python3.12/site-packages/carrinho_base-0.0.0-py3.12.egg-info' (and everything under it)
[6.964s] Copying ../../build/carrinho_base/carrinho_base.egg-info to /home/epiibots/ros2_ws/install/carrinho_base/lib/python3.12/site-packages/carrinho_base-0.0.0-py3.12.egg-info
[6.978s] running install_scripts
[7.767s] Installing checkpoint_player script to /home/epiibots/ros2_ws/install/carrinho_base/lib/carrinho_base
[7.768s] Installing checkpoint_recorder script to /home/epiibots/ros2_ws/install/carrinho_base/lib/carrinho_base
[7.769s] Installing motor_control script to /home/epiibots/ros2_ws/install/carrinho_base/lib/carrinho_base
[7.774s] writing list of installed files to '/home/epiibots/ros2_ws/build/carrinho_base/install.log'
[8.149s] Invoked command in '/home/epiibots/ros2_ws/src/carrinho_base' returned '0': DEBUGINFOD_URLS=https://debuginfod.ubuntu.com PYTHONPATH=/home/epiibots/ros2_ws/build/carrinho_base/prefix_override:/usr/lib/python3/dist-packages/colcon_core/task/python/colcon_distutils_commands:/home/epiibots/ros2_ws/install/carrinho_base/lib/python3.12/site-packages:${PYTHONPATH} /usr/bin/python3 -W ignore:setup.py install is deprecated -W ignore:easy_install command is deprecated setup.py egg_info --egg-base ../../build/carrinho_base build --build-base /home/epiibots/ros2_ws/build/carrinho_base/build install --record /home/epiibots/ros2_ws/build/carrinho_base/install.log --single-version-externally-managed install_data
