[1.770s] Invoking command in '/home/epiibots/ros2_ws/src/servo_steering': DEBUGINFOD_URLS=https://debuginfod.ubuntu.com PYTHONPATH=/home/epiibots/ros2_ws/build/servo_steering/prefix_override:/usr/lib/python3/dist-packages/colcon_core/task/python/colcon_distutils_commands:/home/epiibots/ros2_ws/install/servo_steering/lib/python3.12/site-packages:${PYTHONPATH} /usr/bin/python3 -W ignore:setup.py install is deprecated -W ignore:easy_install command is deprecated setup.py egg_info --egg-base ../../build/servo_steering build --build-base /home/epiibots/ros2_ws/build/servo_steering/build install --record /home/epiibots/ros2_ws/build/servo_steering/install.log --single-version-externally-managed install_data
[2.132s] running egg_info
[2.156s] writing ../../build/servo_steering/servo_steering.egg-info/PKG-INFO
[2.159s] writing dependency_links to ../../build/servo_steering/servo_steering.egg-info/dependency_links.txt
[2.160s] writing entry points to ../../build/servo_steering/servo_steering.egg-info/entry_points.txt
[2.161s] writing requirements to ../../build/servo_steering/servo_steering.egg-info/requires.txt
[2.161s] writing top-level names to ../../build/servo_steering/servo_steering.egg-info/top_level.txt
[2.218s] reading manifest file '../../build/servo_steering/servo_steering.egg-info/SOURCES.txt'
[2.221s] writing manifest file '../../build/servo_steering/servo_steering.egg-info/SOURCES.txt'
[2.222s] running build
[2.222s] running build_py
[2.225s] running install
[2.235s] running install_lib
[2.262s] running install_data
[2.262s] running install_egg_info
[2.288s] removing '/home/epiibots/ros2_ws/install/servo_steering/lib/python3.12/site-packages/servo_steering-0.1.0-py3.12.egg-info' (and everything under it)
[2.289s] Copying ../../build/servo_steering/servo_steering.egg-info to /home/epiibots/ros2_ws/install/servo_steering/lib/python3.12/site-packages/servo_steering-0.1.0-py3.12.egg-info
[2.293s] running install_scripts
[2.462s] Installing motor_node script to /home/epiibots/ros2_ws/install/servo_steering/lib/servo_steering
[2.462s] Installing servo_node script to /home/epiibots/ros2_ws/install/servo_steering/lib/servo_steering
[2.465s] Installing teleop_kei script to /home/epiibots/ros2_ws/install/servo_steering/lib/servo_steering
[2.466s] Installing teleop_key script to /home/epiibots/ros2_ws/install/servo_steering/lib/servo_steering
[2.467s] writing list of installed files to '/home/epiibots/ros2_ws/build/servo_steering/install.log'
[2.561s] Invoked command in '/home/epiibots/ros2_ws/src/servo_steering' returned '0': DEBUGINFOD_URLS=https://debuginfod.ubuntu.com PYTHONPATH=/home/epiibots/ros2_ws/build/servo_steering/prefix_override:/usr/lib/python3/dist-packages/colcon_core/task/python/colcon_distutils_commands:/home/epiibots/ros2_ws/install/servo_steering/lib/python3.12/site-packages:${PYTHONPATH} /usr/bin/python3 -W ignore:setup.py install is deprecated -W ignore:easy_install command is deprecated setup.py egg_info --egg-base ../../build/servo_steering build --build-base /home/epiibots/ros2_ws/build/servo_steering/build install --record /home/epiibots/ros2_ws/build/servo_steering/install.log --single-version-externally-managed install_data
