[3.801s] Invoking command in '/home/epiibots/ros2_ws/src/pwm_rec': DEBUGINFOD_URLS=https://debuginfod.ubuntu.com PYTHONPATH=/home/epiibots/ros2_ws/build/pwm_rec/prefix_override:/usr/lib/python3/dist-packages/colcon_core/task/python/colcon_distutils_commands:/home/epiibots/ros2_ws/install/pwm_rec/lib/python3.12/site-packages:${PYTHONPATH} /usr/bin/python3 -W ignore:setup.py install is deprecated -W ignore:easy_install command is deprecated setup.py egg_info --egg-base ../../build/pwm_rec build --build-base /home/epiibots/ros2_ws/build/pwm_rec/build install --record /home/epiibots/ros2_ws/build/pwm_rec/install.log --single-version-externally-managed install_data
[5.253s] running egg_info
[5.370s] writing ../../build/pwm_rec/pwm_rec.egg-info/PKG-INFO
[5.371s] writing dependency_links to ../../build/pwm_rec/pwm_rec.egg-info/dependency_links.txt
[5.374s] writing entry points to ../../build/pwm_rec/pwm_rec.egg-info/entry_points.txt
[5.375s] writing requirements to ../../build/pwm_rec/pwm_rec.egg-info/requires.txt
[5.376s] writing top-level names to ../../build/pwm_rec/pwm_rec.egg-info/top_level.txt
[5.551s] reading manifest file '../../build/pwm_rec/pwm_rec.egg-info/SOURCES.txt'
[5.555s] adding license file 'LICENSE'
[5.556s] writing manifest file '../../build/pwm_rec/pwm_rec.egg-info/SOURCES.txt'
[5.556s] running build
[5.556s] running build_py
[5.561s] running install
[5.580s] running install_lib
[5.646s] running install_data
[5.646s] running install_egg_info
[5.731s] removing '/home/epiibots/ros2_ws/install/pwm_rec/lib/python3.12/site-packages/pwm_rec-0.0.0-py3.12.egg-info' (and everything under it)
[5.731s] Copying ../../build/pwm_rec/pwm_rec.egg-info to /home/epiibots/ros2_ws/install/pwm_rec/lib/python3.12/site-packages/pwm_rec-0.0.0-py3.12.egg-info
[5.741s] running install_scripts
[6.705s] Installing rpm_saver script to /home/epiibots/ros2_ws/install/pwm_rec/lib/pwm_rec
[6.711s] writing list of installed files to '/home/epiibots/ros2_ws/build/pwm_rec/install.log'
[6.963s] Invoked command in '/home/epiibots/ros2_ws/src/pwm_rec' returned '0': DEBUGINFOD_URLS=https://debuginfod.ubuntu.com PYTHONPATH=/home/epiibots/ros2_ws/build/pwm_rec/prefix_override:/usr/lib/python3/dist-packages/colcon_core/task/python/colcon_distutils_commands:/home/epiibots/ros2_ws/install/pwm_rec/lib/python3.12/site-packages:${PYTHONPATH} /usr/bin/python3 -W ignore:setup.py install is deprecated -W ignore:easy_install command is deprecated setup.py egg_info --egg-base ../../build/pwm_rec build --build-base /home/epiibots/ros2_ws/build/pwm_rec/build install --record /home/epiibots/ros2_ws/build/pwm_rec/install.log --single-version-externally-managed install_data
