[4.507s] Invoking command in '/home/epiibots/ros2_ws/src/bno055': DEBUGINFOD_URLS=https://debuginfod.ubuntu.com PYTHONPATH=/home/epiibots/ros2_ws/build/bno055/prefix_override:/usr/lib/python3/dist-packages/colcon_core/task/python/colcon_distutils_commands:/home/epiibots/ros2_ws/install/bno055/lib/python3.12/site-packages:${PYTHONPATH} /usr/bin/python3 -W ignore:setup.py install is deprecated -W ignore:easy_install command is deprecated setup.py egg_info --egg-base ../../build/bno055 build --build-base /home/epiibots/ros2_ws/build/bno055/build install --record /home/epiibots/ros2_ws/build/bno055/install.log --single-version-externally-managed install_data
[5.947s] running egg_info
[5.982s] writing ../../build/bno055/bno055.egg-info/PKG-INFO
[5.984s] writing dependency_links to ../../build/bno055/bno055.egg-info/dependency_links.txt
[5.989s] writing entry points to ../../build/bno055/bno055.egg-info/entry_points.txt
[5.991s] writing requirements to ../../build/bno055/bno055.egg-info/requires.txt
[5.992s] writing top-level names to ../../build/bno055/bno055.egg-info/top_level.txt
[6.332s] reading manifest file '../../build/bno055/bno055.egg-info/SOURCES.txt'
[6.333s] adding license file 'LICENSE'
[6.334s] adding license file 'AUTHORS'
[6.341s] writing manifest file '../../build/bno055/bno055.egg-info/SOURCES.txt'
[6.344s] running build
[6.345s] running build_py
[6.348s] running install
[6.375s] running install_lib
[6.450s] running install_data
[6.451s] running install_egg_info
[6.508s] removing '/home/epiibots/ros2_ws/install/bno055/lib/python3.12/site-packages/bno055-0.5.0-py3.12.egg-info' (and everything under it)
[6.508s] Copying ../../build/bno055/bno055.egg-info to /home/epiibots/ros2_ws/install/bno055/lib/python3.12/site-packages/bno055-0.5.0-py3.12.egg-info
[6.508s] running install_scripts
[7.018s] Installing bno055 script to /home/epiibots/ros2_ws/install/bno055/lib/bno055
[7.018s] writing list of installed files to '/home/epiibots/ros2_ws/build/bno055/install.log'
[7.178s] Invoked command in '/home/epiibots/ros2_ws/src/bno055' returned '0': DEBUGINFOD_URLS=https://debuginfod.ubuntu.com PYTHONPATH=/home/epiibots/ros2_ws/build/bno055/prefix_override:/usr/lib/python3/dist-packages/colcon_core/task/python/colcon_distutils_commands:/home/epiibots/ros2_ws/install/bno055/lib/python3.12/site-packages:${PYTHONPATH} /usr/bin/python3 -W ignore:setup.py install is deprecated -W ignore:easy_install command is deprecated setup.py egg_info --egg-base ../../build/bno055 build --build-base /home/epiibots/ros2_ws/build/bno055/build install --record /home/epiibots/ros2_ws/build/bno055/install.log --single-version-externally-managed install_data
