[4.017s] Invoking command in '/home/epiibots/ros2_ws/src/calibration': DEBUGINFOD_URLS=https://debuginfod.ubuntu.com PYTHONPATH=/home/epiibots/ros2_ws/build/calibration/prefix_override:/usr/lib/python3/dist-packages/colcon_core/task/python/colcon_distutils_commands:/home/epiibots/ros2_ws/install/calibration/lib/python3.12/site-packages:${PYTHONPATH} /usr/bin/python3 -W ignore:setup.py install is deprecated -W ignore:easy_install command is deprecated setup.py egg_info --egg-base ../../build/calibration build --build-base /home/epiibots/ros2_ws/build/calibration/build install --record /home/epiibots/ros2_ws/build/calibration/install.log --single-version-externally-managed install_data
[4.752s] running egg_info
[4.824s] writing ../../build/calibration/calibration.egg-info/PKG-INFO
[4.824s] writing dependency_links to ../../build/calibration/calibration.egg-info/dependency_links.txt
[4.830s] writing entry points to ../../build/calibration/calibration.egg-info/entry_points.txt
[4.830s] writing requirements to ../../build/calibration/calibration.egg-info/requires.txt
[4.837s] writing top-level names to ../../build/calibration/calibration.egg-info/top_level.txt
[4.937s] reading manifest file '../../build/calibration/calibration.egg-info/SOURCES.txt'
[4.939s] adding license file 'LICENSE'
[4.942s] writing manifest file '../../build/calibration/calibration.egg-info/SOURCES.txt'
[4.943s] running build
[4.943s] running build_py
[4.947s] running install
[4.976s] running install_lib
[5.050s] running install_data
[5.051s] running install_egg_info
[5.099s] removing '/home/epiibots/ros2_ws/install/calibration/lib/python3.12/site-packages/calibration-0.0.0-py3.12.egg-info' (and everything under it)
[5.099s] Copying ../../build/calibration/calibration.egg-info to /home/epiibots/ros2_ws/install/calibration/lib/python3.12/site-packages/calibration-0.0.0-py3.12.egg-info
[5.101s] running install_scripts
[5.495s] Installing imu_save script to /home/epiibots/ros2_ws/install/calibration/lib/calibration
[5.497s] writing list of installed files to '/home/epiibots/ros2_ws/build/calibration/install.log'
[5.725s] Invoked command in '/home/epiibots/ros2_ws/src/calibration' returned '0': DEBUGINFOD_URLS=https://debuginfod.ubuntu.com PYTHONPATH=/home/epiibots/ros2_ws/build/calibration/prefix_override:/usr/lib/python3/dist-packages/colcon_core/task/python/colcon_distutils_commands:/home/epiibots/ros2_ws/install/calibration/lib/python3.12/site-packages:${PYTHONPATH} /usr/bin/python3 -W ignore:setup.py install is deprecated -W ignore:easy_install command is deprecated setup.py egg_info --egg-base ../../build/calibration build --build-base /home/epiibots/ros2_ws/build/calibration/build install --record /home/epiibots/ros2_ws/build/calibration/install.log --single-version-externally-managed install_data
