[4.445s] Invoking command in '/home/epiibots/ros2_ws/src/calibration': DEBUGINFOD_URLS=https://debuginfod.ubuntu.com PYTHONPATH=/home/epiibots/ros2_ws/build/calibration/prefix_override:/usr/lib/python3/dist-packages/colcon_core/task/python/colcon_distutils_commands:/home/epiibots/ros2_ws/install/calibration/lib/python3.12/site-packages:${PYTHONPATH} /usr/bin/python3 -W ignore:setup.py install is deprecated -W ignore:easy_install command is deprecated setup.py egg_info --egg-base ../../build/calibration build --build-base /home/epiibots/ros2_ws/build/calibration/build install --record /home/epiibots/ros2_ws/build/calibration/install.log --single-version-externally-managed install_data
[6.024s] running egg_info
[6.152s] writing ../../build/calibration/calibration.egg-info/PKG-INFO
[6.152s] writing dependency_links to ../../build/calibration/calibration.egg-info/dependency_links.txt
[6.155s] writing entry points to ../../build/calibration/calibration.egg-info/entry_points.txt
[6.157s] writing requirements to ../../build/calibration/calibration.egg-info/requires.txt
[6.160s] writing top-level names to ../../build/calibration/calibration.egg-info/top_level.txt
[6.421s] reading manifest file '../../build/calibration/calibration.egg-info/SOURCES.txt'
[6.424s] adding license file 'LICENSE'
[6.446s] writing manifest file '../../build/calibration/calibration.egg-info/SOURCES.txt'
[6.449s] running build
[6.453s] running build_py
[6.457s] running install
[6.524s] running install_lib
[6.704s] running install_data
[6.705s] running install_egg_info
[6.855s] removing '/home/epiibots/ros2_ws/install/calibration/lib/python3.12/site-packages/calibration-0.0.0-py3.12.egg-info' (and everything under it)
[6.867s] Copying ../../build/calibration/calibration.egg-info to /home/epiibots/ros2_ws/install/calibration/lib/python3.12/site-packages/calibration-0.0.0-py3.12.egg-info
[6.875s] running install_scripts
[7.949s] Installing imu_save script to /home/epiibots/ros2_ws/install/calibration/lib/calibration
[7.950s] writing list of installed files to '/home/epiibots/ros2_ws/build/calibration/install.log'
[8.489s] Invoked command in '/home/epiibots/ros2_ws/src/calibration' returned '0': DEBUGINFOD_URLS=https://debuginfod.ubuntu.com PYTHONPATH=/home/epiibots/ros2_ws/build/calibration/prefix_override:/usr/lib/python3/dist-packages/colcon_core/task/python/colcon_distutils_commands:/home/epiibots/ros2_ws/install/calibration/lib/python3.12/site-packages:${PYTHONPATH} /usr/bin/python3 -W ignore:setup.py install is deprecated -W ignore:easy_install command is deprecated setup.py egg_info --egg-base ../../build/calibration build --build-base /home/epiibots/ros2_ws/build/calibration/build install --record /home/epiibots/ros2_ws/build/calibration/install.log --single-version-externally-managed install_data
