[3.808s] Invoking command in '/home/epiibots/ros2_ws/src/calibration': DEBUGINFOD_URLS=https://debuginfod.ubuntu.com PYTHONPATH=/home/epiibots/ros2_ws/build/calibration/prefix_override:/usr/lib/python3/dist-packages/colcon_core/task/python/colcon_distutils_commands:/home/epiibots/ros2_ws/install/calibration/lib/python3.12/site-packages:${PYTHONPATH} /usr/bin/python3 -W ignore:setup.py install is deprecated -W ignore:easy_install command is deprecated setup.py egg_info --egg-base ../../build/calibration build --build-base /home/epiibots/ros2_ws/build/calibration/build install --record /home/epiibots/ros2_ws/build/calibration/install.log --single-version-externally-managed install_data
[4.506s] running egg_info
[4.554s] writing ../../build/calibration/calibration.egg-info/PKG-INFO
[4.555s] writing dependency_links to ../../build/calibration/calibration.egg-info/dependency_links.txt
[4.558s] writing entry points to ../../build/calibration/calibration.egg-info/entry_points.txt
[4.563s] writing requirements to ../../build/calibration/calibration.egg-info/requires.txt
[4.563s] writing top-level names to ../../build/calibration/calibration.egg-info/top_level.txt
[4.659s] reading manifest file '../../build/calibration/calibration.egg-info/SOURCES.txt'
[4.662s] adding license file 'LICENSE'
[4.664s] writing manifest file '../../build/calibration/calibration.egg-info/SOURCES.txt'
[4.664s] running build
[4.664s] running build_py
[4.664s] running install
[4.675s] running install_lib
[4.706s] running install_data
[4.707s] running install_egg_info
[4.780s] removing '/home/epiibots/ros2_ws/install/calibration/lib/python3.12/site-packages/calibration-0.0.0-py3.12.egg-info' (and everything under it)
[4.785s] Copying ../../build/calibration/calibration.egg-info to /home/epiibots/ros2_ws/install/calibration/lib/python3.12/site-packages/calibration-0.0.0-py3.12.egg-info
[4.793s] running install_scripts
[5.355s] Installing imu_save script to /home/epiibots/ros2_ws/install/calibration/lib/calibration
[5.357s] writing list of installed files to '/home/epiibots/ros2_ws/build/calibration/install.log'
[5.643s] Invoked command in '/home/epiibots/ros2_ws/src/calibration' returned '0': DEBUGINFOD_URLS=https://debuginfod.ubuntu.com PYTHONPATH=/home/epiibots/ros2_ws/build/calibration/prefix_override:/usr/lib/python3/dist-packages/colcon_core/task/python/colcon_distutils_commands:/home/epiibots/ros2_ws/install/calibration/lib/python3.12/site-packages:${PYTHONPATH} /usr/bin/python3 -W ignore:setup.py install is deprecated -W ignore:easy_install command is deprecated setup.py egg_info --egg-base ../../build/calibration build --build-base /home/epiibots/ros2_ws/build/calibration/build install --record /home/epiibots/ros2_ws/build/calibration/install.log --single-version-externally-managed install_data
