[4.753s] Invoking command in '/home/epiibots/ros2_ws/src/detector': DEBUGINFOD_URLS=https://debuginfod.ubuntu.com PYTHONPATH=/home/epiibots/ros2_ws/build/detector/prefix_override:/usr/lib/python3/dist-packages/colcon_core/task/python/colcon_distutils_commands:/home/epiibots/ros2_ws/install/detector/lib/python3.12/site-packages:${PYTHONPATH} /usr/bin/python3 -W ignore:setup.py install is deprecated -W ignore:easy_install command is deprecated setup.py egg_info --egg-base ../../build/detector build --build-base /home/epiibots/ros2_ws/build/detector/build install --record /home/epiibots/ros2_ws/build/detector/install.log --single-version-externally-managed install_data
[6.357s] running egg_info
[6.404s] writing ../../build/detector/detector.egg-info/PKG-INFO
[6.404s] writing dependency_links to ../../build/detector/detector.egg-info/dependency_links.txt
[6.410s] writing entry points to ../../build/detector/detector.egg-info/entry_points.txt
[6.411s] writing requirements to ../../build/detector/detector.egg-info/requires.txt
[6.414s] writing top-level names to ../../build/detector/detector.egg-info/top_level.txt
[6.810s] reading manifest file '../../build/detector/detector.egg-info/SOURCES.txt'
[6.812s] adding license file 'LICENSE'
[6.814s] writing manifest file '../../build/detector/detector.egg-info/SOURCES.txt'
[6.821s] running build
[6.829s] running build_py
[6.829s] running install
[6.842s] running install_lib
[6.894s] running install_data
[6.894s] running install_egg_info
[7.025s] removing '/home/epiibots/ros2_ws/install/detector/lib/python3.12/site-packages/detector-0.0.0-py3.12.egg-info' (and everything under it)
[7.030s] Copying ../../build/detector/detector.egg-info to /home/epiibots/ros2_ws/install/detector/lib/python3.12/site-packages/detector-0.0.0-py3.12.egg-info
[7.045s] running install_scripts
[7.442s] Installing apriltags script to /home/epiibots/ros2_ws/install/detector/lib/detector
[7.443s] writing list of installed files to '/home/epiibots/ros2_ws/build/detector/install.log'
[7.896s] Invoked command in '/home/epiibots/ros2_ws/src/detector' returned '0': DEBUGINFOD_URLS=https://debuginfod.ubuntu.com PYTHONPATH=/home/epiibots/ros2_ws/build/detector/prefix_override:/usr/lib/python3/dist-packages/colcon_core/task/python/colcon_distutils_commands:/home/epiibots/ros2_ws/install/detector/lib/python3.12/site-packages:${PYTHONPATH} /usr/bin/python3 -W ignore:setup.py install is deprecated -W ignore:easy_install command is deprecated setup.py egg_info --egg-base ../../build/detector build --build-base /home/epiibots/ros2_ws/build/detector/build install --record /home/epiibots/ros2_ws/build/detector/install.log --single-version-externally-managed install_data
