[2.251s] Invoking command in '/home/epiibots/ros2_ws/src/detector': DEBUGINFOD_URLS=https://debuginfod.ubuntu.com PYTHONPATH=/home/epiibots/ros2_ws/build/detector/prefix_override:/usr/lib/python3/dist-packages/colcon_core/task/python/colcon_distutils_commands:/home/epiibots/ros2_ws/install/detector/lib/python3.12/site-packages:${PYTHONPATH} /usr/bin/python3 -W ignore:setup.py install is deprecated -W ignore:easy_install command is deprecated setup.py egg_info --egg-base ../../build/detector build --build-base /home/epiibots/ros2_ws/build/detector/build install --record /home/epiibots/ros2_ws/build/detector/install.log --single-version-externally-managed install_data
[3.763s] running egg_info
[3.913s] writing ../../build/detector/detector.egg-info/PKG-INFO
[3.919s] writing dependency_links to ../../build/detector/detector.egg-info/dependency_links.txt
[3.920s] writing entry points to ../../build/detector/detector.egg-info/entry_points.txt
[3.921s] writing requirements to ../../build/detector/detector.egg-info/requires.txt
[3.923s] writing top-level names to ../../build/detector/detector.egg-info/top_level.txt
[4.128s] reading manifest file '../../build/detector/detector.egg-info/SOURCES.txt'
[4.130s] adding license file 'LICENSE'
[4.131s] writing manifest file '../../build/detector/detector.egg-info/SOURCES.txt'
[4.137s] running build
[4.137s] running build_py
[4.137s] running install
[4.164s] running install_lib
[4.312s] running install_data
[4.317s] running install_egg_info
[4.364s] removing '/home/epiibots/ros2_ws/install/detector/lib/python3.12/site-packages/detector-0.0.0-py3.12.egg-info' (and everything under it)
[4.364s] Copying ../../build/detector/detector.egg-info to /home/epiibots/ros2_ws/install/detector/lib/python3.12/site-packages/detector-0.0.0-py3.12.egg-info
[4.378s] running install_scripts
[5.059s] Installing apriltags script to /home/epiibots/ros2_ws/install/detector/lib/detector
[5.065s] writing list of installed files to '/home/epiibots/ros2_ws/build/detector/install.log'
[6.089s] Invoked command in '/home/epiibots/ros2_ws/src/detector' returned '0': DEBUGINFOD_URLS=https://debuginfod.ubuntu.com PYTHONPATH=/home/epiibots/ros2_ws/build/detector/prefix_override:/usr/lib/python3/dist-packages/colcon_core/task/python/colcon_distutils_commands:/home/epiibots/ros2_ws/install/detector/lib/python3.12/site-packages:${PYTHONPATH} /usr/bin/python3 -W ignore:setup.py install is deprecated -W ignore:easy_install command is deprecated setup.py egg_info --egg-base ../../build/detector build --build-base /home/epiibots/ros2_ws/build/detector/build install --record /home/epiibots/ros2_ws/build/detector/install.log --single-version-externally-managed install_data
