[5.366s] Invoking command in '/home/epiibots/ros2_ws/src/detector': DEBUGINFOD_URLS=https://debuginfod.ubuntu.com PYTHONPATH=/home/epiibots/ros2_ws/build/detector/prefix_override:/usr/lib/python3/dist-packages/colcon_core/task/python/colcon_distutils_commands:/home/epiibots/ros2_ws/install/detector/lib/python3.12/site-packages:${PYTHONPATH} /usr/bin/python3 -W ignore:setup.py install is deprecated -W ignore:easy_install command is deprecated setup.py egg_info --egg-base ../../build/detector build --build-base /home/epiibots/ros2_ws/build/detector/build install --record /home/epiibots/ros2_ws/build/detector/install.log --single-version-externally-managed install_data
[7.075s] running egg_info
[7.160s] writing ../../build/detector/detector.egg-info/PKG-INFO
[7.162s] writing dependency_links to ../../build/detector/detector.egg-info/dependency_links.txt
[7.166s] writing entry points to ../../build/detector/detector.egg-info/entry_points.txt
[7.166s] writing requirements to ../../build/detector/detector.egg-info/requires.txt
[7.166s] writing top-level names to ../../build/detector/detector.egg-info/top_level.txt
[7.547s] reading manifest file '../../build/detector/detector.egg-info/SOURCES.txt'
[7.547s] adding license file 'LICENSE'
[7.550s] writing manifest file '../../build/detector/detector.egg-info/SOURCES.txt'
[7.556s] running build
[7.556s] running build_py
[7.556s] running install
[7.585s] running install_lib
[7.770s] running install_data
[7.770s] running install_egg_info
[7.922s] removing '/home/epiibots/ros2_ws/install/detector/lib/python3.12/site-packages/detector-0.0.0-py3.12.egg-info' (and everything under it)
[7.930s] Copying ../../build/detector/detector.egg-info to /home/epiibots/ros2_ws/install/detector/lib/python3.12/site-packages/detector-0.0.0-py3.12.egg-info
[7.938s] running install_scripts
[8.955s] Installing apriltags script to /home/epiibots/ros2_ws/install/detector/lib/detector
[8.958s] writing list of installed files to '/home/epiibots/ros2_ws/build/detector/install.log'
[9.239s] Invoked command in '/home/epiibots/ros2_ws/src/detector' returned '0': DEBUGINFOD_URLS=https://debuginfod.ubuntu.com PYTHONPATH=/home/epiibots/ros2_ws/build/detector/prefix_override:/usr/lib/python3/dist-packages/colcon_core/task/python/colcon_distutils_commands:/home/epiibots/ros2_ws/install/detector/lib/python3.12/site-packages:${PYTHONPATH} /usr/bin/python3 -W ignore:setup.py install is deprecated -W ignore:easy_install command is deprecated setup.py egg_info --egg-base ../../build/detector build --build-base /home/epiibots/ros2_ws/build/detector/build install --record /home/epiibots/ros2_ws/build/detector/install.log --single-version-externally-managed install_data
