running egg_info
writing ../../build/calibration/calibration.egg-info/PKG-INFO
writing dependency_links to ../../build/calibration/calibration.egg-info/dependency_links.txt
writing entry points to ../../build/calibration/calibration.egg-info/entry_points.txt
writing requirements to ../../build/calibration/calibration.egg-info/requires.txt
writing top-level names to ../../build/calibration/calibration.egg-info/top_level.txt
reading manifest file '../../build/calibration/calibration.egg-info/SOURCES.txt'
adding license file 'LICENSE'
writing manifest file '../../build/calibration/calibration.egg-info/SOURCES.txt'
running build
running build_py
running install
running install_lib
running install_data
running install_egg_info
removing '/home/epiibots/ros2_ws/install/calibration/lib/python3.12/site-packages/calibration-0.0.0-py3.12.egg-info' (and everything under it)
Copying ../../build/calibration/calibration.egg-info to /home/epiibots/ros2_ws/install/calibration/lib/python3.12/site-packages/calibration-0.0.0-py3.12.egg-info
running install_scripts
Installing imu_save script to /home/epiibots/ros2_ws/install/calibration/lib/calibration
writing list of installed files to '/home/epiibots/ros2_ws/build/calibration/install.log'
