[3.985s] Invoking command in '/home/epiibots/ros2_ws/src/pwm_rec': DEBUGINFOD_URLS=https://debuginfod.ubuntu.com PYTHONPATH=/home/epiibots/ros2_ws/build/pwm_rec/prefix_override:/usr/lib/python3/dist-packages/colcon_core/task/python/colcon_distutils_commands:/home/epiibots/ros2_ws/install/pwm_rec/lib/python3.12/site-packages:${PYTHONPATH} /usr/bin/python3 -W ignore:setup.py install is deprecated -W ignore:easy_install command is deprecated setup.py egg_info --egg-base ../../build/pwm_rec build --build-base /home/epiibots/ros2_ws/build/pwm_rec/build install --record /home/epiibots/ros2_ws/build/pwm_rec/install.log --single-version-externally-managed install_data
[4.791s] running egg_info
[4.860s] writing ../../build/pwm_rec/pwm_rec.egg-info/PKG-INFO
[4.861s] writing dependency_links to ../../build/pwm_rec/pwm_rec.egg-info/dependency_links.txt
[4.866s] writing entry points to ../../build/pwm_rec/pwm_rec.egg-info/entry_points.txt
[4.867s] writing requirements to ../../build/pwm_rec/pwm_rec.egg-info/requires.txt
[4.867s] writing top-level names to ../../build/pwm_rec/pwm_rec.egg-info/top_level.txt
[4.961s] reading manifest file '../../build/pwm_rec/pwm_rec.egg-info/SOURCES.txt'
[4.968s] adding license file 'LICENSE'
[4.968s] writing manifest file '../../build/pwm_rec/pwm_rec.egg-info/SOURCES.txt'
[4.968s] running build
[4.971s] running build_py
[4.971s] running install
[5.007s] running install_lib
[5.096s] running install_data
[5.097s] running install_egg_info
[5.168s] removing '/home/epiibots/ros2_ws/install/pwm_rec/lib/python3.12/site-packages/pwm_rec-0.0.0-py3.12.egg-info' (and everything under it)
[5.171s] Copying ../../build/pwm_rec/pwm_rec.egg-info to /home/epiibots/ros2_ws/install/pwm_rec/lib/python3.12/site-packages/pwm_rec-0.0.0-py3.12.egg-info
[5.179s] running install_scripts
[5.752s] Installing rpm_saver script to /home/epiibots/ros2_ws/install/pwm_rec/lib/pwm_rec
[5.756s] writing list of installed files to '/home/epiibots/ros2_ws/build/pwm_rec/install.log'
[6.035s] Invoked command in '/home/epiibots/ros2_ws/src/pwm_rec' returned '0': DEBUGINFOD_URLS=https://debuginfod.ubuntu.com PYTHONPATH=/home/epiibots/ros2_ws/build/pwm_rec/prefix_override:/usr/lib/python3/dist-packages/colcon_core/task/python/colcon_distutils_commands:/home/epiibots/ros2_ws/install/pwm_rec/lib/python3.12/site-packages:${PYTHONPATH} /usr/bin/python3 -W ignore:setup.py install is deprecated -W ignore:easy_install command is deprecated setup.py egg_info --egg-base ../../build/pwm_rec build --build-base /home/epiibots/ros2_ws/build/pwm_rec/build install --record /home/epiibots/ros2_ws/build/pwm_rec/install.log --single-version-externally-managed install_data
