[3.515s] Invoking command in '/home/epiibots/ros2_ws/src/calibration': DEBUGINFOD_URLS=https://debuginfod.ubuntu.com PYTHONPATH=/home/epiibots/ros2_ws/build/calibration/prefix_override:/usr/lib/python3/dist-packages/colcon_core/task/python/colcon_distutils_commands:/home/epiibots/ros2_ws/install/calibration/lib/python3.12/site-packages:${PYTHONPATH} /usr/bin/python3 -W ignore:setup.py install is deprecated -W ignore:easy_install command is deprecated setup.py egg_info --egg-base ../../build/calibration build --build-base /home/epiibots/ros2_ws/build/calibration/build install --record /home/epiibots/ros2_ws/build/calibration/install.log --single-version-externally-managed install_data
[5.157s] running egg_info
[5.284s] writing ../../build/calibration/calibration.egg-info/PKG-INFO
[5.289s] writing dependency_links to ../../build/calibration/calibration.egg-info/dependency_links.txt
[5.290s] writing entry points to ../../build/calibration/calibration.egg-info/entry_points.txt
[5.298s] writing requirements to ../../build/calibration/calibration.egg-info/requires.txt
[5.299s] writing top-level names to ../../build/calibration/calibration.egg-info/top_level.txt
[5.517s] reading manifest file '../../build/calibration/calibration.egg-info/SOURCES.txt'
[5.520s] adding license file 'LICENSE'
[5.521s] writing manifest file '../../build/calibration/calibration.egg-info/SOURCES.txt'
[5.523s] running build
[5.523s] running build_py
[5.523s] running install
[5.561s] running install_lib
[5.661s] running install_data
[5.662s] running install_egg_info
[5.746s] removing '/home/epiibots/ros2_ws/install/calibration/lib/python3.12/site-packages/calibration-0.0.0-py3.12.egg-info' (and everything under it)
[5.748s] Copying ../../build/calibration/calibration.egg-info to /home/epiibots/ros2_ws/install/calibration/lib/python3.12/site-packages/calibration-0.0.0-py3.12.egg-info
[5.748s] running install_scripts
[6.124s] Installing imu_save script to /home/epiibots/ros2_ws/install/calibration/lib/calibration
[6.130s] writing list of installed files to '/home/epiibots/ros2_ws/build/calibration/install.log'
[6.404s] Invoked command in '/home/epiibots/ros2_ws/src/calibration' returned '0': DEBUGINFOD_URLS=https://debuginfod.ubuntu.com PYTHONPATH=/home/epiibots/ros2_ws/build/calibration/prefix_override:/usr/lib/python3/dist-packages/colcon_core/task/python/colcon_distutils_commands:/home/epiibots/ros2_ws/install/calibration/lib/python3.12/site-packages:${PYTHONPATH} /usr/bin/python3 -W ignore:setup.py install is deprecated -W ignore:easy_install command is deprecated setup.py egg_info --egg-base ../../build/calibration build --build-base /home/epiibots/ros2_ws/build/calibration/build install --record /home/epiibots/ros2_ws/build/calibration/install.log --single-version-externally-managed install_data
