[4.282s] Invoking command in '/home/epiibots/ros2_ws/src/servo_steering': DEBUGINFOD_URLS=https://debuginfod.ubuntu.com PYTHONPATH=/home/epiibots/ros2_ws/build/servo_steering/prefix_override:/usr/lib/python3/dist-packages/colcon_core/task/python/colcon_distutils_commands:/home/epiibots/ros2_ws/install/servo_steering/lib/python3.12/site-packages:${PYTHONPATH} /usr/bin/python3 -W ignore:setup.py install is deprecated -W ignore:easy_install command is deprecated setup.py egg_info --egg-base ../../build/servo_steering build --build-base /home/epiibots/ros2_ws/build/servo_steering/build install --record /home/epiibots/ros2_ws/build/servo_steering/install.log --single-version-externally-managed install_data
[5.596s] running egg_info
[5.649s] writing ../../build/servo_steering/servo_steering.egg-info/PKG-INFO
[5.698s] writing dependency_links to ../../build/servo_steering/servo_steering.egg-info/dependency_links.txt
[5.706s] writing entry points to ../../build/servo_steering/servo_steering.egg-info/entry_points.txt
[5.707s] writing requirements to ../../build/servo_steering/servo_steering.egg-info/requires.txt
[5.709s] writing top-level names to ../../build/servo_steering/servo_steering.egg-info/top_level.txt
[5.848s] reading manifest file '../../build/servo_steering/servo_steering.egg-info/SOURCES.txt'
[5.848s] writing manifest file '../../build/servo_steering/servo_steering.egg-info/SOURCES.txt'
[5.850s] running build
[5.853s] running build_py
[5.854s] running install
[5.871s] running install_lib
[5.965s] running install_data
[5.974s] running install_egg_info
[6.062s] removing '/home/epiibots/ros2_ws/install/servo_steering/lib/python3.12/site-packages/servo_steering-0.1.0-py3.12.egg-info' (and everything under it)
[6.062s] Copying ../../build/servo_steering/servo_steering.egg-info to /home/epiibots/ros2_ws/install/servo_steering/lib/python3.12/site-packages/servo_steering-0.1.0-py3.12.egg-info
[6.070s] running install_scripts
[6.612s] Installing motor_node script to /home/epiibots/ros2_ws/install/servo_steering/lib/servo_steering
[6.612s] Installing motor_node_pwm script to /home/epiibots/ros2_ws/install/servo_steering/lib/servo_steering
[6.614s] Installing servo_node script to /home/epiibots/ros2_ws/install/servo_steering/lib/servo_steering
[6.614s] Installing teleop_kei script to /home/epiibots/ros2_ws/install/servo_steering/lib/servo_steering
[6.620s] Installing teleop_key script to /home/epiibots/ros2_ws/install/servo_steering/lib/servo_steering
[6.623s] writing list of installed files to '/home/epiibots/ros2_ws/build/servo_steering/install.log'
[6.847s] Invoked command in '/home/epiibots/ros2_ws/src/servo_steering' returned '0': DEBUGINFOD_URLS=https://debuginfod.ubuntu.com PYTHONPATH=/home/epiibots/ros2_ws/build/servo_steering/prefix_override:/usr/lib/python3/dist-packages/colcon_core/task/python/colcon_distutils_commands:/home/epiibots/ros2_ws/install/servo_steering/lib/python3.12/site-packages:${PYTHONPATH} /usr/bin/python3 -W ignore:setup.py install is deprecated -W ignore:easy_install command is deprecated setup.py egg_info --egg-base ../../build/servo_steering build --build-base /home/epiibots/ros2_ws/build/servo_steering/build install --record /home/epiibots/ros2_ws/build/servo_steering/install.log --single-version-externally-managed install_data
