[4.323s] Invoking command in '/home/epiibots/ros2_ws/src/servo_steering': DEBUGINFOD_URLS=https://debuginfod.ubuntu.com PYTHONPATH=/home/epiibots/ros2_ws/build/servo_steering/prefix_override:/usr/lib/python3/dist-packages/colcon_core/task/python/colcon_distutils_commands:/home/epiibots/ros2_ws/install/servo_steering/lib/python3.12/site-packages:${PYTHONPATH} /usr/bin/python3 -W ignore:setup.py install is deprecated -W ignore:easy_install command is deprecated setup.py egg_info --egg-base ../../build/servo_steering build --build-base /home/epiibots/ros2_ws/build/servo_steering/build install --record /home/epiibots/ros2_ws/build/servo_steering/install.log --single-version-externally-managed install_data
[5.190s] running egg_info
[5.234s] writing ../../build/servo_steering/servo_steering.egg-info/PKG-INFO
[5.235s] writing dependency_links to ../../build/servo_steering/servo_steering.egg-info/dependency_links.txt
[5.235s] writing entry points to ../../build/servo_steering/servo_steering.egg-info/entry_points.txt
[5.235s] writing requirements to ../../build/servo_steering/servo_steering.egg-info/requires.txt
[5.237s] writing top-level names to ../../build/servo_steering/servo_steering.egg-info/top_level.txt
[5.400s] reading manifest file '../../build/servo_steering/servo_steering.egg-info/SOURCES.txt'
[5.401s] writing manifest file '../../build/servo_steering/servo_steering.egg-info/SOURCES.txt'
[5.402s] running build
[5.402s] running build_py
[5.403s] copying servo_steering/motor_node.py -> /home/epiibots/ros2_ws/build/servo_steering/build/lib/servo_steering
[5.403s] copying servo_steering/pwm_velocity_plot.py -> /home/epiibots/ros2_ws/build/servo_steering/build/lib/servo_steering
[5.404s] running install
[5.418s] running install_lib
[5.461s] copying /home/epiibots/ros2_ws/build/servo_steering/build/lib/servo_steering/motor_node.py -> /home/epiibots/ros2_ws/install/servo_steering/lib/python3.12/site-packages/servo_steering
[5.461s] copying /home/epiibots/ros2_ws/build/servo_steering/build/lib/servo_steering/pwm_velocity_plot.py -> /home/epiibots/ros2_ws/install/servo_steering/lib/python3.12/site-packages/servo_steering
[5.463s] byte-compiling /home/epiibots/ros2_ws/install/servo_steering/lib/python3.12/site-packages/servo_steering/motor_node.py to motor_node.cpython-312.pyc
[5.467s] byte-compiling /home/epiibots/ros2_ws/install/servo_steering/lib/python3.12/site-packages/servo_steering/pwm_velocity_plot.py to pwm_velocity_plot.cpython-312.pyc
[5.472s] running install_data
[5.479s] running install_egg_info
[5.564s] removing '/home/epiibots/ros2_ws/install/servo_steering/lib/python3.12/site-packages/servo_steering-0.1.0-py3.12.egg-info' (and everything under it)
[5.565s] Copying ../../build/servo_steering/servo_steering.egg-info to /home/epiibots/ros2_ws/install/servo_steering/lib/python3.12/site-packages/servo_steering-0.1.0-py3.12.egg-info
[5.574s] running install_scripts
[5.963s] Installing motor_node script to /home/epiibots/ros2_ws/install/servo_steering/lib/servo_steering
[5.963s] Installing motor_node_pwm script to /home/epiibots/ros2_ws/install/servo_steering/lib/servo_steering
[5.971s] Installing servo_node script to /home/epiibots/ros2_ws/install/servo_steering/lib/servo_steering
[5.972s] Installing teleop_kei script to /home/epiibots/ros2_ws/install/servo_steering/lib/servo_steering
[5.972s] Installing teleop_key script to /home/epiibots/ros2_ws/install/servo_steering/lib/servo_steering
[5.976s] writing list of installed files to '/home/epiibots/ros2_ws/build/servo_steering/install.log'
[6.171s] Invoked command in '/home/epiibots/ros2_ws/src/servo_steering' returned '0': DEBUGINFOD_URLS=https://debuginfod.ubuntu.com PYTHONPATH=/home/epiibots/ros2_ws/build/servo_steering/prefix_override:/usr/lib/python3/dist-packages/colcon_core/task/python/colcon_distutils_commands:/home/epiibots/ros2_ws/install/servo_steering/lib/python3.12/site-packages:${PYTHONPATH} /usr/bin/python3 -W ignore:setup.py install is deprecated -W ignore:easy_install command is deprecated setup.py egg_info --egg-base ../../build/servo_steering build --build-base /home/epiibots/ros2_ws/build/servo_steering/build install --record /home/epiibots/ros2_ws/build/servo_steering/install.log --single-version-externally-managed install_data
