[2.416s] Invoking command in '/home/epiibots/ros2_ws/src/servo_steering': DEBUGINFOD_URLS=https://debuginfod.ubuntu.com PYTHONPATH=/home/epiibots/ros2_ws/build/servo_steering/prefix_override:/usr/lib/python3/dist-packages/colcon_core/task/python/colcon_distutils_commands:/home/epiibots/ros2_ws/install/servo_steering/lib/python3.12/site-packages:${PYTHONPATH} /usr/bin/python3 -W ignore:setup.py install is deprecated -W ignore:easy_install command is deprecated setup.py egg_info --egg-base ../../build/servo_steering build --build-base /home/epiibots/ros2_ws/build/servo_steering/build install --record /home/epiibots/ros2_ws/build/servo_steering/install.log --single-version-externally-managed install_data
[2.911s] running egg_info
[2.936s] writing ../../build/servo_steering/servo_steering.egg-info/PKG-INFO
[2.940s] writing dependency_links to ../../build/servo_steering/servo_steering.egg-info/dependency_links.txt
[2.941s] writing entry points to ../../build/servo_steering/servo_steering.egg-info/entry_points.txt
[2.942s] writing requirements to ../../build/servo_steering/servo_steering.egg-info/requires.txt
[2.946s] writing top-level names to ../../build/servo_steering/servo_steering.egg-info/top_level.txt
[3.003s] reading manifest file '../../build/servo_steering/servo_steering.egg-info/SOURCES.txt'
[3.007s] writing manifest file '../../build/servo_steering/servo_steering.egg-info/SOURCES.txt'
[3.007s] running build
[3.008s] running build_py
[3.013s] running install
[3.024s] running install_lib
[3.059s] running install_data
[3.060s] running install_egg_info
[3.093s] removing '/home/epiibots/ros2_ws/install/servo_steering/lib/python3.12/site-packages/servo_steering-0.1.0-py3.12.egg-info' (and everything under it)
[3.094s] Copying ../../build/servo_steering/servo_steering.egg-info to /home/epiibots/ros2_ws/install/servo_steering/lib/python3.12/site-packages/servo_steering-0.1.0-py3.12.egg-info
[3.099s] running install_scripts
[3.363s] Installing motor_node script to /home/epiibots/ros2_ws/install/servo_steering/lib/servo_steering
[3.366s] Installing servo_node script to /home/epiibots/ros2_ws/install/servo_steering/lib/servo_steering
[3.369s] Installing teleop_kei script to /home/epiibots/ros2_ws/install/servo_steering/lib/servo_steering
[3.369s] Installing teleop_key script to /home/epiibots/ros2_ws/install/servo_steering/lib/servo_steering
[3.371s] writing list of installed files to '/home/epiibots/ros2_ws/build/servo_steering/install.log'
[3.517s] Invoked command in '/home/epiibots/ros2_ws/src/servo_steering' returned '0': DEBUGINFOD_URLS=https://debuginfod.ubuntu.com PYTHONPATH=/home/epiibots/ros2_ws/build/servo_steering/prefix_override:/usr/lib/python3/dist-packages/colcon_core/task/python/colcon_distutils_commands:/home/epiibots/ros2_ws/install/servo_steering/lib/python3.12/site-packages:${PYTHONPATH} /usr/bin/python3 -W ignore:setup.py install is deprecated -W ignore:easy_install command is deprecated setup.py egg_info --egg-base ../../build/servo_steering build --build-base /home/epiibots/ros2_ws/build/servo_steering/build install --record /home/epiibots/ros2_ws/build/servo_steering/install.log --single-version-externally-managed install_data
