[7.221s] Invoking command in '/home/epiibots/ros2_ws/src/pwm_rec': DEBUGINFOD_URLS=https://debuginfod.ubuntu.com PYTHONPATH=/home/epiibots/ros2_ws/build/pwm_rec/prefix_override:/usr/lib/python3/dist-packages/colcon_core/task/python/colcon_distutils_commands:/home/epiibots/ros2_ws/install/pwm_rec/lib/python3.12/site-packages:${PYTHONPATH} /usr/bin/python3 -W ignore:setup.py install is deprecated -W ignore:easy_install command is deprecated setup.py egg_info --egg-base ../../build/pwm_rec build --build-base /home/epiibots/ros2_ws/build/pwm_rec/build install --record /home/epiibots/ros2_ws/build/pwm_rec/install.log --single-version-externally-managed install_data
[8.553s] running egg_info
[8.615s] writing ../../build/pwm_rec/pwm_rec.egg-info/PKG-INFO
[8.615s] writing dependency_links to ../../build/pwm_rec/pwm_rec.egg-info/dependency_links.txt
[8.618s] writing entry points to ../../build/pwm_rec/pwm_rec.egg-info/entry_points.txt
[8.623s] writing requirements to ../../build/pwm_rec/pwm_rec.egg-info/requires.txt
[8.624s] writing top-level names to ../../build/pwm_rec/pwm_rec.egg-info/top_level.txt
[8.759s] reading manifest file '../../build/pwm_rec/pwm_rec.egg-info/SOURCES.txt'
[8.759s] adding license file 'LICENSE'
[8.761s] writing manifest file '../../build/pwm_rec/pwm_rec.egg-info/SOURCES.txt'
[8.761s] running build
[8.762s] running build_py
[8.762s] copying pwm_rec/rpm_saver.py -> /home/epiibots/ros2_ws/build/pwm_rec/build/lib/pwm_rec
[8.764s] running install
[8.778s] running install_lib
[8.830s] copying /home/epiibots/ros2_ws/build/pwm_rec/build/lib/pwm_rec/rpm_saver.py -> /home/epiibots/ros2_ws/install/pwm_rec/lib/python3.12/site-packages/pwm_rec
[8.833s] byte-compiling /home/epiibots/ros2_ws/install/pwm_rec/lib/python3.12/site-packages/pwm_rec/rpm_saver.py to rpm_saver.cpython-312.pyc
[8.839s] running install_data
[8.840s] running install_egg_info
[8.914s] removing '/home/epiibots/ros2_ws/install/pwm_rec/lib/python3.12/site-packages/pwm_rec-0.0.0-py3.12.egg-info' (and everything under it)
[8.917s] Copying ../../build/pwm_rec/pwm_rec.egg-info to /home/epiibots/ros2_ws/install/pwm_rec/lib/python3.12/site-packages/pwm_rec-0.0.0-py3.12.egg-info
[8.921s] running install_scripts
[9.302s] Installing rpm_saver script to /home/epiibots/ros2_ws/install/pwm_rec/lib/pwm_rec
[9.303s] writing list of installed files to '/home/epiibots/ros2_ws/build/pwm_rec/install.log'
[9.471s] Invoked command in '/home/epiibots/ros2_ws/src/pwm_rec' returned '0': DEBUGINFOD_URLS=https://debuginfod.ubuntu.com PYTHONPATH=/home/epiibots/ros2_ws/build/pwm_rec/prefix_override:/usr/lib/python3/dist-packages/colcon_core/task/python/colcon_distutils_commands:/home/epiibots/ros2_ws/install/pwm_rec/lib/python3.12/site-packages:${PYTHONPATH} /usr/bin/python3 -W ignore:setup.py install is deprecated -W ignore:easy_install command is deprecated setup.py egg_info --egg-base ../../build/pwm_rec build --build-base /home/epiibots/ros2_ws/build/pwm_rec/build install --record /home/epiibots/ros2_ws/build/pwm_rec/install.log --single-version-externally-managed install_data
