running egg_info
creating ../../build/pwm_rec/pwm_rec.egg-info
writing ../../build/pwm_rec/pwm_rec.egg-info/PKG-INFO
writing dependency_links to ../../build/pwm_rec/pwm_rec.egg-info/dependency_links.txt
writing requirements to ../../build/pwm_rec/pwm_rec.egg-info/requires.txt
writing top-level names to ../../build/pwm_rec/pwm_rec.egg-info/top_level.txt
writing manifest file '../../build/pwm_rec/pwm_rec.egg-info/SOURCES.txt'
reading manifest file '../../build/pwm_rec/pwm_rec.egg-info/SOURCES.txt'
adding license file 'LICENSE'
writing manifest file '../../build/pwm_rec/pwm_rec.egg-info/SOURCES.txt'
running build
running build_py
creating /home/epiibots/ros2_ws/build/pwm_rec/build
creating /home/epiibots/ros2_ws/build/pwm_rec/build/lib
creating /home/epiibots/ros2_ws/build/pwm_rec/build/lib/pwm_rec
copying pwm_rec/recorder.py -> /home/epiibots/ros2_ws/build/pwm_rec/build/lib/pwm_rec
copying pwm_rec/__init__.py -> /home/epiibots/ros2_ws/build/pwm_rec/build/lib/pwm_rec
running install
running install_lib
creating /home/epiibots/ros2_ws/install/pwm_rec/lib/python3.12/site-packages/pwm_rec
copying /home/epiibots/ros2_ws/build/pwm_rec/build/lib/pwm_rec/recorder.py -> /home/epiibots/ros2_ws/install/pwm_rec/lib/python3.12/site-packages/pwm_rec
copying /home/epiibots/ros2_ws/build/pwm_rec/build/lib/pwm_rec/__init__.py -> /home/epiibots/ros2_ws/install/pwm_rec/lib/python3.12/site-packages/pwm_rec
byte-compiling /home/epiibots/ros2_ws/install/pwm_rec/lib/python3.12/site-packages/pwm_rec/recorder.py to recorder.cpython-312.pyc
byte-compiling /home/epiibots/ros2_ws/install/pwm_rec/lib/python3.12/site-packages/pwm_rec/__init__.py to __init__.cpython-312.pyc
running install_data
creating /home/epiibots/ros2_ws/install/pwm_rec/share/ament_index
creating /home/epiibots/ros2_ws/install/pwm_rec/share/ament_index/resource_index
creating /home/epiibots/ros2_ws/install/pwm_rec/share/ament_index/resource_index/packages
copying resource/pwm_rec -> /home/epiibots/ros2_ws/install/pwm_rec/share/ament_index/resource_index/packages
copying package.xml -> /home/epiibots/ros2_ws/install/pwm_rec/share/pwm_rec
running install_egg_info
Copying ../../build/pwm_rec/pwm_rec.egg-info to /home/epiibots/ros2_ws/install/pwm_rec/lib/python3.12/site-packages/pwm_rec-0.0.0-py3.12.egg-info
running install_scripts
writing list of installed files to '/home/epiibots/ros2_ws/build/pwm_rec/install.log'
