[2.399s] Invoking command in '/home/epiibots/ros2_ws/src/pwm_rec': DEBUGINFOD_URLS=https://debuginfod.ubuntu.com PYTHONPATH=/home/epiibots/ros2_ws/build/pwm_rec/prefix_override:/usr/lib/python3/dist-packages/colcon_core/task/python/colcon_distutils_commands:/home/epiibots/ros2_ws/install/pwm_rec/lib/python3.12/site-packages:${PYTHONPATH} /usr/bin/python3 -W ignore:setup.py install is deprecated -W ignore:easy_install command is deprecated setup.py egg_info --egg-base ../../build/pwm_rec build --build-base /home/epiibots/ros2_ws/build/pwm_rec/build install --record /home/epiibots/ros2_ws/build/pwm_rec/install.log --single-version-externally-managed install_data
[2.931s] running egg_info
[2.932s] creating ../../build/pwm_rec/pwm_rec.egg-info
[2.957s] writing ../../build/pwm_rec/pwm_rec.egg-info/PKG-INFO
[2.958s] writing dependency_links to ../../build/pwm_rec/pwm_rec.egg-info/dependency_links.txt
[2.958s] writing requirements to ../../build/pwm_rec/pwm_rec.egg-info/requires.txt
[2.958s] writing top-level names to ../../build/pwm_rec/pwm_rec.egg-info/top_level.txt
[2.958s] writing manifest file '../../build/pwm_rec/pwm_rec.egg-info/SOURCES.txt'
[3.009s] reading manifest file '../../build/pwm_rec/pwm_rec.egg-info/SOURCES.txt'
[3.010s] adding license file 'LICENSE'
[3.010s] writing manifest file '../../build/pwm_rec/pwm_rec.egg-info/SOURCES.txt'
[3.011s] running build
[3.011s] running build_py
[3.011s] creating /home/epiibots/ros2_ws/build/pwm_rec/build
[3.011s] creating /home/epiibots/ros2_ws/build/pwm_rec/build/lib
[3.011s] creating /home/epiibots/ros2_ws/build/pwm_rec/build/lib/pwm_rec
[3.011s] copying pwm_rec/recorder.py -> /home/epiibots/ros2_ws/build/pwm_rec/build/lib/pwm_rec
[3.014s] copying pwm_rec/__init__.py -> /home/epiibots/ros2_ws/build/pwm_rec/build/lib/pwm_rec
[3.014s] running install
[3.024s] running install_lib
[3.050s] creating /home/epiibots/ros2_ws/install/pwm_rec/lib/python3.12/site-packages/pwm_rec
[3.051s] copying /home/epiibots/ros2_ws/build/pwm_rec/build/lib/pwm_rec/recorder.py -> /home/epiibots/ros2_ws/install/pwm_rec/lib/python3.12/site-packages/pwm_rec
[3.051s] copying /home/epiibots/ros2_ws/build/pwm_rec/build/lib/pwm_rec/__init__.py -> /home/epiibots/ros2_ws/install/pwm_rec/lib/python3.12/site-packages/pwm_rec
[3.052s] byte-compiling /home/epiibots/ros2_ws/install/pwm_rec/lib/python3.12/site-packages/pwm_rec/recorder.py to recorder.cpython-312.pyc
[3.054s] byte-compiling /home/epiibots/ros2_ws/install/pwm_rec/lib/python3.12/site-packages/pwm_rec/__init__.py to __init__.cpython-312.pyc
[3.054s] running install_data
[3.054s] creating /home/epiibots/ros2_ws/install/pwm_rec/share/ament_index
[3.055s] creating /home/epiibots/ros2_ws/install/pwm_rec/share/ament_index/resource_index
[3.055s] creating /home/epiibots/ros2_ws/install/pwm_rec/share/ament_index/resource_index/packages
[3.055s] copying resource/pwm_rec -> /home/epiibots/ros2_ws/install/pwm_rec/share/ament_index/resource_index/packages
[3.055s] copying package.xml -> /home/epiibots/ros2_ws/install/pwm_rec/share/pwm_rec
[3.055s] running install_egg_info
[3.084s] Copying ../../build/pwm_rec/pwm_rec.egg-info to /home/epiibots/ros2_ws/install/pwm_rec/lib/python3.12/site-packages/pwm_rec-0.0.0-py3.12.egg-info
[3.086s] running install_scripts
[3.307s] writing list of installed files to '/home/epiibots/ros2_ws/build/pwm_rec/install.log'
[3.483s] Invoked command in '/home/epiibots/ros2_ws/src/pwm_rec' returned '0': DEBUGINFOD_URLS=https://debuginfod.ubuntu.com PYTHONPATH=/home/epiibots/ros2_ws/build/pwm_rec/prefix_override:/usr/lib/python3/dist-packages/colcon_core/task/python/colcon_distutils_commands:/home/epiibots/ros2_ws/install/pwm_rec/lib/python3.12/site-packages:${PYTHONPATH} /usr/bin/python3 -W ignore:setup.py install is deprecated -W ignore:easy_install command is deprecated setup.py egg_info --egg-base ../../build/pwm_rec build --build-base /home/epiibots/ros2_ws/build/pwm_rec/build install --record /home/epiibots/ros2_ws/build/pwm_rec/install.log --single-version-externally-managed install_data
