[6.065s] Invoking command in '/home/epiibots/ros2_ws/src/servo_steering': DEBUGINFOD_URLS=https://debuginfod.ubuntu.com PYTHONPATH=/home/epiibots/ros2_ws/build/servo_steering/prefix_override:/usr/lib/python3/dist-packages/colcon_core/task/python/colcon_distutils_commands:/home/epiibots/ros2_ws/install/servo_steering/lib/python3.12/site-packages:${PYTHONPATH} /usr/bin/python3 -W ignore:setup.py install is deprecated -W ignore:easy_install command is deprecated setup.py egg_info --egg-base ../../build/servo_steering build --build-base /home/epiibots/ros2_ws/build/servo_steering/build install --record /home/epiibots/ros2_ws/build/servo_steering/install.log --single-version-externally-managed install_data
[6.991s] running egg_info
[7.020s] writing ../../build/servo_steering/servo_steering.egg-info/PKG-INFO
[7.021s] writing dependency_links to ../../build/servo_steering/servo_steering.egg-info/dependency_links.txt
[7.024s] writing entry points to ../../build/servo_steering/servo_steering.egg-info/entry_points.txt
[7.025s] writing requirements to ../../build/servo_steering/servo_steering.egg-info/requires.txt
[7.026s] writing top-level names to ../../build/servo_steering/servo_steering.egg-info/top_level.txt
[7.104s] reading manifest file '../../build/servo_steering/servo_steering.egg-info/SOURCES.txt'
[7.112s] writing manifest file '../../build/servo_steering/servo_steering.egg-info/SOURCES.txt'
[7.113s] running build
[7.114s] running build_py
[7.114s] copying servo_steering/motor_node.py -> /home/epiibots/ros2_ws/build/servo_steering/build/lib/servo_steering
[7.115s] copying servo_steering/motor_noder.py -> /home/epiibots/ros2_ws/build/servo_steering/build/lib/servo_steering
[7.115s] running install
[7.127s] running install_lib
[7.168s] copying /home/epiibots/ros2_ws/build/servo_steering/build/lib/servo_steering/motor_node.py -> /home/epiibots/ros2_ws/install/servo_steering/lib/python3.12/site-packages/servo_steering
[7.169s] copying /home/epiibots/ros2_ws/build/servo_steering/build/lib/servo_steering/motor_noder.py -> /home/epiibots/ros2_ws/install/servo_steering/lib/python3.12/site-packages/servo_steering
[7.171s] byte-compiling /home/epiibots/ros2_ws/install/servo_steering/lib/python3.12/site-packages/servo_steering/motor_node.py to motor_node.cpython-312.pyc
[7.176s] byte-compiling /home/epiibots/ros2_ws/install/servo_steering/lib/python3.12/site-packages/servo_steering/motor_noder.py to motor_noder.cpython-312.pyc
[7.181s] running install_data
[7.182s] running install_egg_info
[7.270s] removing '/home/epiibots/ros2_ws/install/servo_steering/lib/python3.12/site-packages/servo_steering-0.1.0-py3.12.egg-info' (and everything under it)
[7.273s] Copying ../../build/servo_steering/servo_steering.egg-info to /home/epiibots/ros2_ws/install/servo_steering/lib/python3.12/site-packages/servo_steering-0.1.0-py3.12.egg-info
[7.275s] running install_scripts
[7.665s] Installing motor_node script to /home/epiibots/ros2_ws/install/servo_steering/lib/servo_steering
[7.665s] Installing motor_node_pwm script to /home/epiibots/ros2_ws/install/servo_steering/lib/servo_steering
[7.669s] Installing servo_node script to /home/epiibots/ros2_ws/install/servo_steering/lib/servo_steering
[7.669s] Installing teleop_kei script to /home/epiibots/ros2_ws/install/servo_steering/lib/servo_steering
[7.670s] Installing teleop_key script to /home/epiibots/ros2_ws/install/servo_steering/lib/servo_steering
[7.671s] writing list of installed files to '/home/epiibots/ros2_ws/build/servo_steering/install.log'
[7.851s] Invoked command in '/home/epiibots/ros2_ws/src/servo_steering' returned '0': DEBUGINFOD_URLS=https://debuginfod.ubuntu.com PYTHONPATH=/home/epiibots/ros2_ws/build/servo_steering/prefix_override:/usr/lib/python3/dist-packages/colcon_core/task/python/colcon_distutils_commands:/home/epiibots/ros2_ws/install/servo_steering/lib/python3.12/site-packages:${PYTHONPATH} /usr/bin/python3 -W ignore:setup.py install is deprecated -W ignore:easy_install command is deprecated setup.py egg_info --egg-base ../../build/servo_steering build --build-base /home/epiibots/ros2_ws/build/servo_steering/build install --record /home/epiibots/ros2_ws/build/servo_steering/install.log --single-version-externally-managed install_data
