[3.401s] Invoking command in '/home/epiibots/ros2_ws/src/bno055': DEBUGINFOD_URLS=https://debuginfod.ubuntu.com PYTHONPATH=/home/epiibots/ros2_ws/build/bno055/prefix_override:/usr/lib/python3/dist-packages/colcon_core/task/python/colcon_distutils_commands:/home/epiibots/ros2_ws/install/bno055/lib/python3.12/site-packages:${PYTHONPATH} /usr/bin/python3 -W ignore:setup.py install is deprecated -W ignore:easy_install command is deprecated setup.py egg_info --egg-base ../../build/bno055 build --build-base /home/epiibots/ros2_ws/build/bno055/build install --record /home/epiibots/ros2_ws/build/bno055/install.log --single-version-externally-managed install_data
[4.099s] running egg_info
[4.137s] writing ../../build/bno055/bno055.egg-info/PKG-INFO
[4.139s] writing dependency_links to ../../build/bno055/bno055.egg-info/dependency_links.txt
[4.140s] writing entry points to ../../build/bno055/bno055.egg-info/entry_points.txt
[4.141s] writing requirements to ../../build/bno055/bno055.egg-info/requires.txt
[4.146s] writing top-level names to ../../build/bno055/bno055.egg-info/top_level.txt
[4.264s] reading manifest file '../../build/bno055/bno055.egg-info/SOURCES.txt'
[4.264s] adding license file 'LICENSE'
[4.264s] adding license file 'AUTHORS'
[4.264s] writing manifest file '../../build/bno055/bno055.egg-info/SOURCES.txt'
[4.265s] running build
[4.265s] running build_py
[4.267s] running install
[4.280s] running install_lib
[4.318s] running install_data
[4.318s] running install_egg_info
[4.369s] removing '/home/epiibots/ros2_ws/install/bno055/lib/python3.12/site-packages/bno055-0.5.0-py3.12.egg-info' (and everything under it)
[4.372s] Copying ../../build/bno055/bno055.egg-info to /home/epiibots/ros2_ws/install/bno055/lib/python3.12/site-packages/bno055-0.5.0-py3.12.egg-info
[4.378s] running install_scripts
[4.744s] Installing bno055 script to /home/epiibots/ros2_ws/install/bno055/lib/bno055
[4.745s] writing list of installed files to '/home/epiibots/ros2_ws/build/bno055/install.log'
[4.927s] Invoked command in '/home/epiibots/ros2_ws/src/bno055' returned '0': DEBUGINFOD_URLS=https://debuginfod.ubuntu.com PYTHONPATH=/home/epiibots/ros2_ws/build/bno055/prefix_override:/usr/lib/python3/dist-packages/colcon_core/task/python/colcon_distutils_commands:/home/epiibots/ros2_ws/install/bno055/lib/python3.12/site-packages:${PYTHONPATH} /usr/bin/python3 -W ignore:setup.py install is deprecated -W ignore:easy_install command is deprecated setup.py egg_info --egg-base ../../build/bno055 build --build-base /home/epiibots/ros2_ws/build/bno055/build install --record /home/epiibots/ros2_ws/build/bno055/install.log --single-version-externally-managed install_data
